I0813 18:27:04.081311  6418 processor.cc:740] No data in processing queue, waiting...
I0813 18:27:04.087232  6420 processor.cc:740] No data in processing queue, waiting...
I0813 18:27:04.098770  6283 master_component.cc:1002] MasterComponent: complete regularizing model pwt
I0813 18:27:04.098793  6283 master_component.cc:1449] NormalizeModelArgs: pwt_target_name=pwt, nwt_source_name=nwt, rwt_source_name=rwt
I0813 18:27:04.098794  6283 master_component.cc:1006] MasterComponent: start normalizing model nwt
I0813 18:27:04.119596  6283 master_component.cc:1034] MasterComponent: complete normalizing model nwt
I0813 18:27:04.131400  6283 master_component.cc:1473] DisposeModel rwt
I0813 18:27:04.135051  6283 master_component.cc:1059] FitOffline: ItemsProcessed, num_items=476, num_batches=5, token_weight=160411, token_weight_in_effect=160411
I0813 18:27:04.135351  6283 c_interface.cc:389] Pass FitOfflineMasterModelArgs, batch_filename_size=5, batch_weight_size=5, num_collection_passes=1, reset_nwt=yes to MN4artm4core15MasterComponentEFvRKNS_25FitOfflineMasterModelArgsEE
I0813 18:27:04.135536  6283 master_component.cc:1398] ProcessBatchesArgs: nwt_target_name=nwt, batch_filename_size=5, batch_size=0, batch_weight_size=5, pwt_source_name=pwt, num_document_passes=10, regularizer=(name:SparsePhi, tau:-50000), class=(text:1), reuse_theta=no, opt_for_avx=yes, predict_class_id=, reset_nwt=yes
I0813 18:27:04.140074  6421 processor.cc:747] Processing queue has data, processing started
I0813 18:27:04.140290  6420 processor.cc:747] Processing queue has data, processing started
I0813 18:27:04.141531  6418 processor.cc:747] Processing queue has data, processing started
I0813 18:27:04.141577  6419 processor.cc:747] Processing queue has data, processing started
I0813 18:27:04.142443  6420 processor.cc:820] Processor: start processing batch 34e43898-0893-4386-9888-7e863827b748 into model nwt
I0813 18:27:04.142632  6423 processor.cc:747] Processing queue has data, processing started
I0813 18:27:04.142784  6421 processor.cc:820] Processor: start processing batch 9b8f8670-2f03-4493-a0db-d00617d50c29 into model nwt
I0813 18:27:04.144011  6419 processor.cc:820] Processor: start processing batch 05194a9f-8b31-4348-a322-17b0508b78ae into model nwt
I0813 18:27:04.144708  6418 processor.cc:820] Processor: start processing batch 51e97bb4-2c76-41e2-acbf-9b203bd23cfc into model nwt
I0813 18:27:04.145722  6423 processor.cc:820] Processor: start processing batch ce9711c8-fdd4-4d09-9b61-8f76e434491d into model nwt
I0813 18:27:04.180641  6421 processor.cc:925] Processor: complete processing batch 9b8f8670-2f03-4493-a0db-d00617d50c29 into model nwt
I0813 18:27:04.181334  6421 cuckoo_watch.h:45] 41ms in ProcessBatch(school_batches/aaaaaa.batch) [including 2ms in LoadMessage; 1ms in InitializeSparseNdw; 0ms in InitializeTheta; 0ms in CreateRegularizerAgents; 13ms in InferThetaAndUpdateNwtSparse; 12ms in CalculateScore(PerplexityScore); 1ms in CalculateScore(SparsityThetaScore); 8ms in CalculateScore(^^^ItemsProcessedScore^^^); ]
I0813 18:27:04.185943  6418 processor.cc:925] Processor: complete processing batch 51e97bb4-2c76-41e2-acbf-9b203bd23cfc into model nwt
I0813 18:27:04.186708  6418 cuckoo_watch.h:45] 45ms in ProcessBatch(school_batches/aaaaae.batch) [including 3ms in LoadMessage; 2ms in InitializeSparseNdw; 0ms in InitializeTheta; 0ms in CreateRegularizerAgents; 17ms in InferThetaAndUpdateNwtSparse; 11ms in CalculateScore(PerplexityScore); 1ms in CalculateScore(SparsityThetaScore); 7ms in CalculateScore(^^^ItemsProcessedScore^^^); ]
I0813 18:27:04.187963  6420 processor.cc:925] Processor: complete processing batch 34e43898-0893-4386-9888-7e863827b748 into model nwt
I0813 18:27:04.188714  6420 cuckoo_watch.h:45] 48ms in ProcessBatch(school_batches/aaaaab.batch) [including 2ms in LoadMessage; 3ms in InitializeSparseNdw; 0ms in InitializeTheta; 0ms in CreateRegularizerAgents; 19ms in InferThetaAndUpdateNwtSparse; 12ms in CalculateScore(PerplexityScore); 1ms in CalculateScore(SparsityThetaScore); 8ms in CalculateScore(^^^ItemsProcessedScore^^^); ]
I0813 18:27:04.197574  6419 processor.cc:925] Processor: complete processing batch 05194a9f-8b31-4348-a322-17b0508b78ae into model nwt
I0813 18:27:04.198565  6419 cuckoo_watch.h:45] 56ms in ProcessBatch(school_batches/aaaaad.batch) [including 2ms in LoadMessage; 3ms in InitializeSparseNdw; 0ms in InitializeTheta; 0ms in CreateRegularizerAgents; 18ms in InferThetaAndUpdateNwtSparse; 16ms in CalculateScore(PerplexityScore); 2ms in CalculateScore(SparsityThetaScore); 12ms in CalculateScore(^^^ItemsProcessedScore^^^); ]
I0813 18:27:04.199651  6423 processor.cc:925] Processor: complete processing batch ce9711c8-fdd4-4d09-9b61-8f76e434491d into model nwt
I0813 18:27:04.200294  6423 cuckoo_watch.h:45] 57ms in ProcessBatch(school_batches/aaaaac.batch) [including 3ms in LoadMessage; 2ms in InitializeSparseNdw; 0ms in InitializeTheta; 0ms in CreateRegularizerAgents; 19ms in InferThetaAndUpdateNwtSparse; 16ms in CalculateScore(PerplexityScore); 2ms in CalculateScore(SparsityThetaScore); 11ms in CalculateScore(^^^ItemsProcessedScore^^^); ]
I0813 18:27:04.200343  6283 master_component.cc:1436] RegularizeModelArgs: rwt_target_name=rwt, pwt_source_name=pwt, nwt_source_name=nwt
I0813 18:27:04.200350  6283 master_component.cc:976] MasterComponent: start regularizing model pwt
I0813 18:27:04.201797  6421 processor.cc:740] No data in processing queue, waiting...
I0813 18:27:04.207101  6418 processor.cc:740] No data in processing queue, waiting...
I0813 18:27:04.209239  6420 processor.cc:740] No data in processing queue, waiting...
I0813 18:27:04.219288  6419 processor.cc:740] No data in processing queue, waiting...
I0813 18:27:04.220988  6423 processor.cc:740] No data in processing queue, waiting...
I0813 18:27:04.231381  6283 master_component.cc:1002] MasterComponent: complete regularizing model pwt
I0813 18:27:04.231402  6283 master_component.cc:1449] NormalizeModelArgs: pwt_target_name=pwt, nwt_source_name=nwt, rwt_source_name=rwt
I0813 18:27:04.231405  6283 master_component.cc:1006] MasterComponent: start normalizing model nwt
I0813 18:27:04.251565  6283 master_component.cc:1034] MasterComponent: complete normalizing model nwt
I0813 18:27:04.263242  6283 master_component.cc:1473] DisposeModel rwt
I0813 18:27:04.266747  6283 master_component.cc:1059] FitOffline: ItemsProcessed, num_items=476, num_batches=5, token_weight=160411, token_weight_in_effect=160411
I0813 18:27:04.267060  6283 c_interface.cc:389] Pass FitOfflineMasterModelArgs, batch_filename_size=5, batch_weight_size=5, num_collection_passes=1, reset_nwt=yes to MN4artm4core15MasterComponentEFvRKNS_25FitOfflineMasterModelArgsEE
I0813 18:27:04.267249  6283 master_component.cc:1398] ProcessBatchesArgs: nwt_target_name=nwt, batch_filename_size=5, batch_size=0, batch_weight_size=5, pwt_source_name=pwt, num_document_passes=10, regularizer=(name:SparsePhi, tau:-50000), class=(text:1), reuse_theta=no, opt_for_avx=yes, predict_class_id=, reset_nwt=yes
I0813 18:27:04.271565  6418 processor.cc:747] Processing queue has data, processing started
I0813 18:27:04.272337  6423 processor.cc:747] Processing queue has data, processing started
I0813 18:27:04.272433  6416 processor.cc:747] Processing queue has data, processing started
I0813 18:27:04.273387  6420 processor.cc:747] Processing queue has data, processing started
I0813 18:27:04.273768  6422 processor.cc:747] Processing queue has data, processing started
I0813 18:27:04.274150  6416 processor.cc:820] Processor: start processing batch 51e97bb4-2c76-41e2-acbf-9b203bd23cfc into model nwt
I0813 18:27:04.274318  6418 processor.cc:820] Processor: start processing batch 9b8f8670-2f03-4493-a0db-d00617d50c29 into model nwt
I0813 18:27:04.274494  6423 processor.cc:820] Processor: start processing batch 34e43898-0893-4386-9888-7e863827b748 into model nwt
I0813 18:27:04.275465  6422 processor.cc:820] Processor: start processing batch ce9711c8-fdd4-4d09-9b61-8f76e434491d into model nwt
I0813 18:27:04.276536  6420 processor.cc:820] Processor: start processing batch 05194a9f-8b31-4348-a322-17b0508b78ae into model nwt
I0813 18:27:04.307525  6416 processor.cc:925] Processor: complete processing batch 51e97bb4-2c76-41e2-acbf-9b203bd23cfc into model nwt
I0813 18:27:04.308267  6416 cuckoo_watch.h:45] 35ms in ProcessBatch(school_batches/aaaaae.batch) [including 1ms in LoadMessage; 1ms in InitializeSparseNdw; 0ms in InitializeTheta; 0ms in CreateRegularizerAgents; 12ms in InferThetaAndUpdateNwtSparse; 10ms in CalculateScore(PerplexityScore); 1ms in CalculateScore(SparsityThetaScore); 7ms in CalculateScore(^^^ItemsProcessedScore^^^); ]
I0813 18:27:04.309412  6418 processor.cc:925] Processor: complete processing batch 9b8f8670-2f03-4493-a0db-d00617d50c29 into model nwt
I0813 18:27:04.310137  6418 cuckoo_watch.h:45] 38ms in ProcessBatch(school_batches/aaaaaa.batch) [including 2ms in LoadMessage; 1ms in InitializeSparseNdw; 0ms in InitializeTheta; 0ms in CreateRegularizerAgents; 12ms in InferThetaAndUpdateNwtSparse; 11ms in CalculateScore(PerplexityScore); 1ms in CalculateScore(SparsityThetaScore); 7ms in CalculateScore(^^^ItemsProcessedScore^^^); ]
I0813 18:27:04.311784  6422 processor.cc:925] Processor: complete processing batch ce9711c8-fdd4-4d09-9b61-8f76e434491d into model nwt
I0813 18:27:04.312444  6422 cuckoo_watch.h:45] 38ms in ProcessBatch(school_batches/aaaaac.batch) [including 1ms in LoadMessage; 1ms in InitializeSparseNdw; 0ms in InitializeTheta; 0ms in CreateRegularizerAgents; 13ms in InferThetaAndUpdateNwtSparse; 11ms in CalculateScore(PerplexityScore); 1ms in CalculateScore(SparsityThetaScore); 8ms in CalculateScore(^^^ItemsProcessedScore^^^); ]
I0813 18:27:04.326766  6423 processor.cc:925] Processor: complete processing batch 34e43898-0893-4386-9888-7e863827b748 into model nwt
I0813 18:27:04.327809  6423 cuckoo_watch.h:45] 55ms in ProcessBatch(school_batches/aaaaab.batch) [including 2ms in LoadMessage; 3ms in InitializeSparseNdw; 0ms in InitializeTheta; 0ms in CreateRegularizerAgents; 19ms in InferThetaAndUpdateNwtSparse; 16ms in CalculateScore(PerplexityScore); 2ms in CalculateScore(SparsityThetaScore); 11ms in CalculateScore(^^^ItemsProcessedScore^^^); ]
I0813 18:27:04.328248  6420 processor.cc:925] Processor: complete processing batch 05194a9f-8b31-4348-a322-17b0508b78ae into model nwt
I0813 18:27:04.328900  6420 cuckoo_watch.h:45] 55ms in ProcessBatch(school_batches/aaaaad.batch) [including 3ms in LoadMessage; 2ms in InitializeSparseNdw; 0ms in InitializeTheta; 0ms in CreateRegularizerAgents; 19ms in InferThetaAndUpdateNwtSparse; 16ms in CalculateScore(PerplexityScore); 2ms in CalculateScore(SparsityThetaScore); 11ms in CalculateScore(^^^ItemsProcessedScore^^^); ]
I0813 18:27:04.329008  6416 processor.cc:740] No data in processing queue, waiting...
I0813 18:27:04.329041  6283 master_component.cc:1436] RegularizeModelArgs: rwt_target_name=rwt, pwt_source_name=pwt, nwt_source_name=nwt
I0813 18:27:04.329046  6283 master_component.cc:976] MasterComponent: start regularizing model pwt
I0813 18:27:04.330839  6418 processor.cc:740] No data in processing queue, waiting...
I0813 18:27:04.333106  6422 processor.cc:740] No data in processing queue, waiting...
I0813 18:27:04.348392  6423 processor.cc:740] No data in processing queue, waiting...
I0813 18:27:04.349516  6420 processor.cc:740] No data in processing queue, waiting...
I0813 18:27:04.360481  6283 master_component.cc:1002] MasterComponent: complete regularizing model pwt
I0813 18:27:04.360498  6283 master_component.cc:1449] NormalizeModelArgs: pwt_target_name=pwt, nwt_source_name=nwt, rwt_source_name=rwt
I0813 18:27:04.360502  6283 master_component.cc:1006] MasterComponent: start normalizing model nwt
I0813 18:27:04.381294  6283 master_component.cc:1034] MasterComponent: complete normalizing model nwt
I0813 18:27:04.393257  6283 master_component.cc:1473] DisposeModel rwt
I0813 18:27:04.396950  6283 master_component.cc:1059] FitOffline: ItemsProcessed, num_items=476, num_batches=5, token_weight=160411, token_weight_in_effect=160411
I0813 18:27:04.397301  6283 c_interface.cc:389] Pass FitOfflineMasterModelArgs, batch_filename_size=5, batch_weight_size=5, num_collection_passes=1, reset_nwt=yes to MN4artm4core15MasterComponentEFvRKNS_25FitOfflineMasterModelArgsEE
I0813 18:27:04.397537  6283 master_component.cc:1398] ProcessBatchesArgs: nwt_target_name=nwt, batch_filename_size=5, batch_size=0, batch_weight_size=5, pwt_source_name=pwt, num_document_passes=10, regularizer=(name:SparsePhi, tau:-50000), class=(text:1), reuse_theta=no, opt_for_avx=yes, predict_class_id=, reset_nwt=yes
I0813 18:27:04.401790  6419 processor.cc:747] Processing queue has data, processing started
I0813 18:27:04.402679  6422 processor.cc:747] Processing queue has data, processing started
I0813 18:27:04.402933  6418 processor.cc:747] Processing queue has data, processing started
I0813 18:27:04.403713  6423 processor.cc:747] Processing queue has data, processing started
I0813 18:27:04.404387  6422 processor.cc:820] Processor: start processing batch 34e43898-0893-4386-9888-7e863827b748 into model nwt
I0813 18:27:04.404569  6418 processor.cc:820] Processor: start processing batch 51e97bb4-2c76-41e2-acbf-9b203bd23cfc into model nwt
I0813 18:27:04.404600  6419 processor.cc:820] Processor: start processing batch 9b8f8670-2f03-4493-a0db-d00617d50c29 into model nwt
I0813 18:27:04.404778  6420 processor.cc:747] Processing queue has data, processing started
I0813 18:27:04.405987  6423 processor.cc:820] Processor: start processing batch 05194a9f-8b31-4348-a322-17b0508b78ae into model nwt
I0813 18:27:04.407974  6420 processor.cc:820] Processor: start processing batch ce9711c8-fdd4-4d09-9b61-8f76e434491d into model nwt
I0813 18:27:04.438596  6418 processor.cc:925] Processor: complete processing batch 51e97bb4-2c76-41e2-acbf-9b203bd23cfc into model nwt
I0813 18:27:04.439306  6418 cuckoo_watch.h:45] 36ms in ProcessBatch(school_batches/aaaaae.batch) [including 1ms in LoadMessage; 1ms in InitializeSparseNdw; 0ms in InitializeTheta; 0ms in CreateRegularizerAgents; 12ms in InferThetaAndUpdateNwtSparse; 10ms in CalculateScore(PerplexityScore); 1ms in CalculateScore(SparsityThetaScore); 7ms in CalculateScore(^^^ItemsProcessedScore^^^); ]
I0813 18:27:04.440495  6419 processor.cc:925] Processor: complete processing batch 9b8f8670-2f03-4493-a0db-d00617d50c29 into model nwt
I0813 18:27:04.440613  6422 processor.cc:925] Processor: complete processing batch 34e43898-0893-4386-9888-7e863827b748 into model nwt
I0813 18:27:04.441242  6419 cuckoo_watch.h:45] 39ms in ProcessBatch(school_batches/aaaaaa.batch) [including 2ms in LoadMessage; 1ms in InitializeSparseNdw; 0ms in InitializeTheta; 0ms in CreateRegularizerAgents; 12ms in InferThetaAndUpdateNwtSparse; 11ms in CalculateScore(PerplexityScore); 1ms in CalculateScore(SparsityThetaScore); 8ms in CalculateScore(^^^ItemsProcessedScore^^^); ]
I0813 18:27:04.441350  6422 cuckoo_watch.h:45] 38ms in ProcessBatch(school_batches/aaaaab.batch) [including 1ms in LoadMessage; 1ms in InitializeSparseNdw; 0ms in InitializeTheta; 0ms in CreateRegularizerAgents; 13ms in InferThetaAndUpdateNwtSparse; 11ms in CalculateScore(PerplexityScore); 1ms in CalculateScore(SparsityThetaScore); 8ms in CalculateScore(^^^ItemsProcessedScore^^^); ]
I0813 18:27:04.460041  6418 processor.cc:740] No data in processing queue, waiting...
I0813 18:27:04.460567  6423 processor.cc:925] Processor: complete processing batch 05194a9f-8b31-4348-a322-17b0508b78ae into model nwt
I0813 18:27:04.461460  6423 cuckoo_watch.h:45] 57ms in ProcessBatch(school_batches/aaaaad.batch) [including 2ms in LoadMessage; 3ms in InitializeSparseNdw; 0ms in InitializeTheta; 0ms in CreateRegularizerAgents; 20ms in InferThetaAndUpdateNwtSparse; 16ms in CalculateScore(PerplexityScore); 2ms in CalculateScore(SparsityThetaScore); 11ms in CalculateScore(^^^ItemsProcessedScore^^^); ]
I0813 18:27:04.461746  6420 processor.cc:925] Processor: complete processing batch ce9711c8-fdd4-4d09-9b61-8f76e434491d into model nwt
I0813 18:27:04.461865  6419 processor.cc:740] No data in processing queue, waiting...
I0813 18:27:04.462003  6422 processor.cc:740] No data in processing queue, waiting...
I0813 18:27:04.462433  6420 cuckoo_watch.h:45] 57ms in ProcessBatch(school_batches/aaaaac.batch) [including 3ms in LoadMessage; 2ms in InitializeSparseNdw; 0ms in InitializeTheta; 0ms in CreateRegularizerAgents; 19ms in InferThetaAndUpdateNwtSparse; 16ms in CalculateScore(PerplexityScore); 2ms in CalculateScore(SparsityThetaScore); 11ms in CalculateScore(^^^ItemsProcessedScore^^^); ]
I0813 18:27:04.462481  6283 master_component.cc:1436] RegularizeModelArgs: rwt_target_name=rwt, pwt_source_name=pwt, nwt_source_name=nwt
I0813 18:27:04.462491  6283 master_component.cc:976] MasterComponent: start regularizing model pwt
I0813 18:27:04.482038  6423 processor.cc:740] No data in processing queue, waiting...
I0813 18:27:04.483073  6420 processor.cc:740] No data in processing queue, waiting...
I0813 18:27:04.493387  6283 master_component.cc:1002] MasterComponent: complete regularizing model pwt
I0813 18:27:04.493407  6283 master_component.cc:1449] NormalizeModelArgs: pwt_target_name=pwt, nwt_source_name=nwt, rwt_source_name=rwt
I0813 18:27:04.493408  6283 master_component.cc:1006] MasterComponent: start normalizing model nwt
I0813 18:27:04.513696  6283 master_component.cc:1034] MasterComponent: complete normalizing model nwt
I0813 18:27:04.525292  6283 master_component.cc:1473] DisposeModel rwt
I0813 18:27:04.528754  6283 master_component.cc:1059] FitOffline: ItemsProcessed, num_items=476, num_batches=5, token_weight=160411, token_weight_in_effect=160411
I0813 18:27:04.529052  6283 c_interface.cc:389] Pass FitOfflineMasterModelArgs, batch_filename_size=5, batch_weight_size=5, num_collection_passes=1, reset_nwt=yes to MN4artm4core15MasterComponentEFvRKNS_25FitOfflineMasterModelArgsEE
I0813 18:27:04.529235  6283 master_component.cc:1398] ProcessBatchesArgs: nwt_target_name=nwt, batch_filename_size=5, batch_size=0, batch_weight_size=5, pwt_source_name=pwt, num_document_passes=10, regularizer=(name:SparsePhi, tau:-50000), class=(text:1), reuse_theta=no, opt_for_avx=yes, predict_class_id=, reset_nwt=yes
I0813 18:27:04.533445  6419 processor.cc:747] Processing queue has data, processing started
I0813 18:27:04.534170  6422 processor.cc:747] Processing queue has data, processing started
I0813 18:27:04.534793  6418 processor.cc:747] Processing queue has data, processing started
I0813 18:27:04.535347  6417 processor.cc:747] Processing queue has data, processing started
I0813 18:27:04.535379  6421 processor.cc:747] Processing queue has data, processing started
I0813 18:27:04.536267  6419 processor.cc:820] Processor: start processing batch 9b8f8670-2f03-4493-a0db-d00617d50c29 into model nwt
I0813 18:27:04.536635  6418 processor.cc:820] Processor: start processing batch 51e97bb4-2c76-41e2-acbf-9b203bd23cfc into model nwt
I0813 18:27:04.537340  6422 processor.cc:820] Processor: start processing batch 34e43898-0893-4386-9888-7e863827b748 into model nwt
I0813 18:27:04.538473  6421 processor.cc:820] Processor: start processing batch ce9711c8-fdd4-4d09-9b61-8f76e434491d into model nwt
I0813 18:27:04.538506  6417 processor.cc:820] Processor: start processing batch 05194a9f-8b31-4348-a322-17b0508b78ae into model nwt
I0813 18:27:04.571298  6418 processor.cc:925] Processor: complete processing batch 51e97bb4-2c76-41e2-acbf-9b203bd23cfc into model nwt
I0813 18:27:04.572007  6418 cuckoo_watch.h:45] 37ms in ProcessBatch(school_batches/aaaaae.batch) [including 1ms in LoadMessage; 1ms in InitializeSparseNdw; 0ms in InitializeTheta; 0ms in CreateRegularizerAgents; 13ms in InferThetaAndUpdateNwtSparse; 11ms in CalculateScore(PerplexityScore); 1ms in CalculateScore(SparsityThetaScore); 7ms in CalculateScore(^^^ItemsProcessedScore^^^); ]
I0813 18:27:04.589893  6419 processor.cc:925] Processor: complete processing batch 9b8f8670-2f03-4493-a0db-d00617d50c29 into model nwt
I0813 18:27:04.590437  6422 processor.cc:925] Processor: complete processing batch 34e43898-0893-4386-9888-7e863827b748 into model nwt
I0813 18:27:04.591042  6419 cuckoo_watch.h:45] 57ms in ProcessBatch(school_batches/aaaaaa.batch) [including 2ms in LoadMessage; 3ms in InitializeSparseNdw; 0ms in InitializeTheta; 0ms in CreateRegularizerAgents; 19ms in InferThetaAndUpdateNwtSparse; 16ms in CalculateScore(PerplexityScore); 2ms in CalculateScore(SparsityThetaScore); 12ms in CalculateScore(^^^ItemsProcessedScore^^^); ]
I0813 18:27:04.591401  6422 cuckoo_watch.h:45] 57ms in ProcessBatch(school_batches/aaaaab.batch) [including 3ms in LoadMessage; 3ms in InitializeSparseNdw; 0ms in InitializeTheta; 0ms in CreateRegularizerAgents; 18ms in InferThetaAndUpdateNwtSparse; 16ms in CalculateScore(PerplexityScore); 2ms in CalculateScore(SparsityThetaScore); 12ms in CalculateScore(^^^ItemsProcessedScore^^^); ]
I0813 18:27:04.591652  6417 processor.cc:925] Processor: complete processing batch 05194a9f-8b31-4348-a322-17b0508b78ae into model nwt
I0813 18:27:04.591961  6421 processor.cc:925] Processor: complete processing batch ce9711c8-fdd4-4d09-9b61-8f76e434491d into model nwt
I0813 18:27:04.592701  6417 cuckoo_watch.h:45] 57ms in ProcessBatch(school_batches/aaaaad.batch) [including 3ms in LoadMessage; 3ms in InitializeSparseNdw; 0ms in InitializeTheta; 0ms in CreateRegularizerAgents; 18ms in InferThetaAndUpdateNwtSparse; 16ms in CalculateScore(PerplexityScore); 2ms in CalculateScore(SparsityThetaScore); 12ms in CalculateScore(^^^ItemsProcessedScore^^^); ]
I0813 18:27:04.592744  6418 processor.cc:740] No data in processing queue, waiting...
I0813 18:27:04.592901  6421 cuckoo_watch.h:45] 57ms in ProcessBatch(school_batches/aaaaac.batch) [including 3ms in LoadMessage; 3ms in InitializeSparseNdw; 0ms in InitializeTheta; 0ms in CreateRegularizerAgents; 18ms in InferThetaAndUpdateNwtSparse; 16ms in CalculateScore(PerplexityScore); 2ms in CalculateScore(SparsityThetaScore); 12ms in CalculateScore(^^^ItemsProcessedScore^^^); ]
I0813 18:27:04.594015  6283 master_component.cc:1436] RegularizeModelArgs: rwt_target_name=rwt, pwt_source_name=pwt, nwt_source_name=nwt
I0813 18:27:04.594044  6283 master_component.cc:976] MasterComponent: start regularizing model pwt
I0813 18:27:04.612190  6422 processor.cc:740] No data in processing queue, waiting...
I0813 18:27:04.612216  6419 processor.cc:740] No data in processing queue, waiting...
I0813 18:27:04.613776  6417 processor.cc:740] No data in processing queue, waiting...
I0813 18:27:04.613776  6421 processor.cc:740] No data in processing queue, waiting...
I0813 18:27:04.626127  6283 master_component.cc:1002] MasterComponent: complete regularizing model pwt
I0813 18:27:04.626147  6283 master_component.cc:1449] NormalizeModelArgs: pwt_target_name=pwt, nwt_source_name=nwt, rwt_source_name=rwt
I0813 18:27:04.626149  6283 master_component.cc:1006] MasterComponent: start normalizing model nwt
I0813 18:27:04.646373  6283 master_component.cc:1034] MasterComponent: complete normalizing model nwt
I0813 18:27:04.658109  6283 master_component.cc:1473] DisposeModel rwt
I0813 18:27:04.661623  6283 master_component.cc:1059] FitOffline: ItemsProcessed, num_items=476, num_batches=5, token_weight=160411, token_weight_in_effect=160411
I0813 18:27:04.661926  6283 c_interface.cc:389] Pass FitOfflineMasterModelArgs, batch_filename_size=5, batch_weight_size=5, num_collection_passes=1, reset_nwt=yes to MN4artm4core15MasterComponentEFvRKNS_25FitOfflineMasterModelArgsEE
I0813 18:27:04.662114  6283 master_component.cc:1398] ProcessBatchesArgs: nwt_target_name=nwt, batch_filename_size=5, batch_size=0, batch_weight_size=5, pwt_source_name=pwt, num_document_passes=10, regularizer=(name:SparsePhi, tau:-50000), class=(text:1), reuse_theta=no, opt_for_avx=yes, predict_class_id=, reset_nwt=yes
I0813 18:27:04.666301  6423 processor.cc:747] Processing queue has data, processing started
I0813 18:27:04.666774  6419 processor.cc:747] Processing queue has data, processing started
I0813 18:27:04.667111  6420 processor.cc:747] Processing queue has data, processing started
I0813 18:27:04.667582  6416 processor.cc:747] Processing queue has data, processing started
I0813 18:27:04.668526  6421 processor.cc:747] Processing queue has data, processing started
I0813 18:27:04.668880  6420 processor.cc:820] Processor: start processing batch 51e97bb4-2c76-41e2-acbf-9b203bd23cfc into model nwt
I0813 18:27:04.669044  6423 processor.cc:820] Processor: start processing batch 9b8f8670-2f03-4493-a0db-d00617d50c29 into model nwt
I0813 18:27:04.669477  6416 processor.cc:820] Processor: start processing batch 05194a9f-8b31-4348-a322-17b0508b78ae into model nwt
I0813 18:27:04.669915  6419 processor.cc:820] Processor: start processing batch 34e43898-0893-4386-9888-7e863827b748 into model nwt
I0813 18:27:04.670207  6421 processor.cc:820] Processor: start processing batch ce9711c8-fdd4-4d09-9b61-8f76e434491d into model nwt
I0813 18:27:04.703801  6420 processor.cc:925] Processor: complete processing batch 51e97bb4-2c76-41e2-acbf-9b203bd23cfc into model nwt
I0813 18:27:04.704584  6420 cuckoo_watch.h:45] 37ms in ProcessBatch(school_batches/aaaaae.batch) [including 1ms in LoadMessage; 1ms in InitializeSparseNdw; 0ms in InitializeTheta; 0ms in CreateRegularizerAgents; 13ms in InferThetaAndUpdateNwtSparse; 10ms in CalculateScore(PerplexityScore); 1ms in CalculateScore(SparsityThetaScore); 7ms in CalculateScore(^^^ItemsProcessedScore^^^); ]
I0813 18:27:04.706468  6416 processor.cc:925] Processor: complete processing batch 05194a9f-8b31-4348-a322-17b0508b78ae into model nwt
I0813 18:27:04.707063  6421 processor.cc:925] Processor: complete processing batch ce9711c8-fdd4-4d09-9b61-8f76e434491d into model nwt
I0813 18:27:04.707216  6416 cuckoo_watch.h:45] 39ms in ProcessBatch(school_batches/aaaaad.batch) [including 1ms in LoadMessage; 1ms in InitializeSparseNdw; 0ms in InitializeTheta; 0ms in CreateRegularizerAgents; 13ms in InferThetaAndUpdateNwtSparse; 11ms in CalculateScore(PerplexityScore); 1ms in CalculateScore(SparsityThetaScore); 8ms in CalculateScore(^^^ItemsProcessedScore^^^); ]
I0813 18:27:04.707751  6421 cuckoo_watch.h:45] 39ms in ProcessBatch(school_batches/aaaaac.batch) [including 1ms in LoadMessage; 1ms in InitializeSparseNdw; 0ms in InitializeTheta; 0ms in CreateRegularizerAgents; 13ms in InferThetaAndUpdateNwtSparse; 11ms in CalculateScore(PerplexityScore); 1ms in CalculateScore(SparsityThetaScore); 8ms in CalculateScore(^^^ItemsProcessedScore^^^); ]
I0813 18:27:04.722455  6423 processor.cc:925] Processor: complete processing batch 9b8f8670-2f03-4493-a0db-d00617d50c29 into model nwt
I0813 18:27:04.723383  6423 cuckoo_watch.h:45] 57ms in ProcessBatch(school_batches/aaaaaa.batch) [including 2ms in LoadMessage; 3ms in InitializeSparseNdw; 0ms in InitializeTheta; 0ms in CreateRegularizerAgents; 19ms in InferThetaAndUpdateNwtSparse; 16ms in CalculateScore(PerplexityScore); 2ms in CalculateScore(SparsityThetaScore); 12ms in CalculateScore(^^^ItemsProcessedScore^^^); ]
I0813 18:27:04.723680  6419 processor.cc:925] Processor: complete processing batch 34e43898-0893-4386-9888-7e863827b748 into model nwt
I0813 18:27:04.724359  6419 cuckoo_watch.h:45] 57ms in ProcessBatch(school_batches/aaaaab.batch) [including 3ms in LoadMessage; 3ms in InitializeSparseNdw; 0ms in InitializeTheta; 0ms in CreateRegularizerAgents; 19ms in InferThetaAndUpdateNwtSparse; 16ms in CalculateScore(PerplexityScore); 2ms in CalculateScore(SparsityThetaScore); 11ms in CalculateScore(^^^ItemsProcessedScore^^^); ]
I0813 18:27:04.724452  6283 master_component.cc:1436] RegularizeModelArgs: rwt_target_name=rwt, pwt_source_name=pwt, nwt_source_name=nwt
I0813 18:27:04.724459  6283 master_component.cc:976] MasterComponent: start regularizing model pwt
I0813 18:27:04.725225  6420 processor.cc:740] No data in processing queue, waiting...
I0813 18:27:04.727578  6416 processor.cc:740] No data in processing queue, waiting...
I0813 18:27:04.728080  6421 processor.cc:740] No data in processing queue, waiting...
I0813 18:27:04.744140  6423 processor.cc:740] No data in processing queue, waiting...
I0813 18:27:04.745231  6419 processor.cc:740] No data in processing queue, waiting...
I0813 18:27:04.755127  6283 master_component.cc:1002] MasterComponent: complete regularizing model pwt
I0813 18:27:04.755146  6283 master_component.cc:1449] NormalizeModelArgs: pwt_target_name=pwt, nwt_source_name=nwt, rwt_source_name=rwt
I0813 18:27:04.755148  6283 master_component.cc:1006] MasterComponent: start normalizing model nwt
I0813 18:27:04.775046  6283 master_component.cc:1034] MasterComponent: complete normalizing model nwt
I0813 18:27:04.786813  6283 master_component.cc:1473] DisposeModel rwt
I0813 18:27:04.790405  6283 master_component.cc:1059] FitOffline: ItemsProcessed, num_items=476, num_batches=5, token_weight=160411, token_weight_in_effect=160411
I0813 18:27:05.327358  6283 c_interface.cc:231] ArtmCopyRequestedMessage is copying 337035 bytes...
I0813 18:27:05.357044  6283 c_interface.cc:231] ArtmCopyRequestedMessage is copying 337035 bytes...
I0813 18:27:05.374958  6283 c_interface.cc:231] ArtmCopyRequestedMessage is copying 337035 bytes...
I0813 18:27:05.400842  6283 c_interface.cc:231] ArtmCopyRequestedMessage is copying 337035 bytes...
I0813 18:27:05.418229  6283 c_interface.cc:231] ArtmCopyRequestedMessage is copying 337035 bytes...
I0813 18:27:05.435835  6283 c_interface.cc:231] ArtmCopyRequestedMessage is copying 337035 bytes...
I0813 18:27:05.452231  6283 c_interface.cc:231] ArtmCopyRequestedMessage is copying 337035 bytes...
I0813 18:27:05.468250  6283 c_interface.cc:231] ArtmCopyRequestedMessage is copying 337035 bytes...
I0813 18:27:05.487035  6283 c_interface.cc:231] ArtmCopyRequestedMessage is copying 337035 bytes...
I0813 18:27:05.502728  6283 c_interface.cc:231] ArtmCopyRequestedMessage is copying 337035 bytes...
I0813 18:27:36.586658  6283 c_interface.cc:231] ArtmCopyRequestedMessage is copying 3138 bytes...
I0813 18:27:36.591905  6283 c_interface.cc:231] ArtmCopyRequestedMessage is copying 3089 bytes...
I0813 18:27:43.602977  6283 master_component.cc:389] Exporting model pwt to my_model
I0813 18:27:43.617581  6283 phi_matrix_operations.cc:84] RetrieveExternalTopicModel() with 10 topics, 16099 tokens
I0813 18:27:43.645200  6283 master_component.cc:426] Export of model completed, token_size = 16099, topic_size = 10
I0813 18:27:44.222558  6283 master_component.cc:443] Importing model pwt from my_model
I0813 18:27:44.274051  6283 master_component.cc:490] Import of model completed, token_size = 16099, topic_size = 10
I0813 18:27:44.275455  6283 c_interface.cc:231] ArtmCopyRequestedMessage is copying 334 bytes...
I0813 18:27:47.680994  6283 phi_matrix_operations.cc:84] RetrieveExternalTopicModel() with 10 topics, 16099 tokens
I0813 18:27:47.709086  6283 c_interface.cc:231] ArtmCopyRequestedMessage is copying 477630 bytes...
I0813 18:27:47.719666  6283 phi_matrix_operations.cc:84] RetrieveExternalTopicModel() with 10 topics, 16099 tokens
I0813 18:27:47.730201  6283 c_interface.cc:231] ArtmCopyRequestedMessage is copying 413234 bytes...
I0813 18:27:47.733121  6283 c_interface.cc:236] ArtmCopyRequestedObject is copying 643960 bytes...
I0813 18:28:12.692489  6283 c_interface.cc:578] Pass TransformMasterModelArgs, batch_filename_size=5, batch_size=0, theta_matrix_type=1, predict_class_id= to MasterComponent::Request (extended)
I0813 18:28:12.695343  6423 processor.cc:747] Processing queue has data, processing started
I0813 18:28:12.698081  6418 processor.cc:747] Processing queue has data, processing started
I0813 18:28:12.702926  6421 processor.cc:747] Processing queue has data, processing started
I0813 18:28:12.704095  6416 processor.cc:747] Processing queue has data, processing started
I0813 18:28:12.704138  6419 processor.cc:747] Processing queue has data, processing started
I0813 18:28:12.706710  6423 processor.cc:820] Processor: start processing batch 9b8f8670-2f03-4493-a0db-d00617d50c29 into model 0x55f542e30b68
I0813 18:28:12.710394  6421 processor.cc:820] Processor: start processing batch 51e97bb4-2c76-41e2-acbf-9b203bd23cfc into model 0x55f542e30b68
I0813 18:28:12.711180  6418 processor.cc:820] Processor: start processing batch 34e43898-0893-4386-9888-7e863827b748 into model 0x55f542e30b68
I0813 18:28:12.711822  6419 processor.cc:820] Processor: start processing batch ce9711c8-fdd4-4d09-9b61-8f76e434491d into model 0x55f542e30b68
I0813 18:28:12.713184  6416 processor.cc:820] Processor: start processing batch 05194a9f-8b31-4348-a322-17b0508b78ae into model 0x55f542e30b68
I0813 18:28:12.752899  6421 processor.cc:925] Processor: complete processing batch 51e97bb4-2c76-41e2-acbf-9b203bd23cfc into model 0x55f542e30b68
I0813 18:28:12.754175  6421 cuckoo_watch.h:45] 51ms in ProcessBatch(school_batches/aaaaae.batch) [including 7ms in LoadMessage; 5ms in InitializeSparseNdw; 0ms in InitializeTheta; 0ms in CreateRegularizerAgents; 11ms in InferThetaAndUpdateNwtSparse; 0ms in UpdateCacheEntry; 12ms in CalculateScore(PerplexityScore); 2ms in CalculateScore(SparsityThetaScore); 11ms in CalculateScore(^^^ItemsProcessedScore^^^); ]
I0813 18:28:12.756074  6418 processor.cc:925] Processor: complete processing batch 34e43898-0893-4386-9888-7e863827b748 into model 0x55f542e30b68
I0813 18:28:12.757035  6418 cuckoo_watch.h:45] 58ms in ProcessBatch(school_batches/aaaaab.batch) [including 13ms in LoadMessage; 3ms in InitializeSparseNdw; 0ms in InitializeTheta; 0ms in CreateRegularizerAgents; 12ms in InferThetaAndUpdateNwtSparse; 0ms in UpdateCacheEntry; 14ms in CalculateScore(PerplexityScore); 2ms in CalculateScore(SparsityThetaScore); 12ms in CalculateScore(^^^ItemsProcessedScore^^^); ]
I0813 18:28:12.760042  6423 processor.cc:925] Processor: complete processing batch 9b8f8670-2f03-4493-a0db-d00617d50c29 into model 0x55f542e30b68
I0813 18:28:12.760711  6423 cuckoo_watch.h:45] 64ms in ProcessBatch(school_batches/aaaaaa.batch) [including 10ms in LoadMessage; 7ms in InitializeSparseNdw; 0ms in InitializeTheta; 0ms in CreateRegularizerAgents; 15ms in InferThetaAndUpdateNwtSparse; 0ms in UpdateCacheEntry; 17ms in CalculateScore(PerplexityScore); 1ms in CalculateScore(SparsityThetaScore); 11ms in CalculateScore(^^^ItemsProcessedScore^^^); ]
I0813 18:28:12.765609  6419 processor.cc:925] Processor: complete processing batch ce9711c8-fdd4-4d09-9b61-8f76e434491d into model 0x55f542e30b68
I0813 18:28:12.766566  6419 cuckoo_watch.h:45] 62ms in ProcessBatch(school_batches/aaaaac.batch) [including 7ms in LoadMessage; 6ms in InitializeSparseNdw; 0ms in InitializeTheta; 0ms in CreateRegularizerAgents; 13ms in InferThetaAndUpdateNwtSparse; 0ms in UpdateCacheEntry; 18ms in CalculateScore(PerplexityScore); 2ms in CalculateScore(SparsityThetaScore); 12ms in CalculateScore(^^^ItemsProcessedScore^^^); ]
I0813 18:28:12.767844  6416 processor.cc:925] Processor: complete processing batch 05194a9f-8b31-4348-a322-17b0508b78ae into model 0x55f542e30b68
I0813 18:28:12.768497  6416 cuckoo_watch.h:45] 64ms in ProcessBatch(school_batches/aaaaad.batch) [including 9ms in LoadMessage; 5ms in InitializeSparseNdw; 0ms in InitializeTheta; 0ms in CreateRegularizerAgents; 17ms in InferThetaAndUpdateNwtSparse; 0ms in UpdateCacheEntry; 18ms in CalculateScore(PerplexityScore); 2ms in CalculateScore(SparsityThetaScore); 10ms in CalculateScore(^^^ItemsProcessedScore^^^); ]
I0813 18:28:12.769397  6283 master_component.cc:1059] Transform: ItemsProcessed, num_items=476, num_batches=5, token_weight=160411, token_weight_in_effect=160411
W0813 18:28:12.769456  6283 check_messages.h:1082] Inconsistent fields size in ThetaMatrix: 476 vs 0 vs 476 vs 0;
I0813 18:28:12.769623  6283 c_interface.cc:231] ArtmCopyRequestedMessage is copying 2314 bytes...
I0813 18:28:12.769747  6283 c_interface.cc:236] ArtmCopyRequestedObject is copying 19040 bytes...
I0813 18:28:12.774634  6421 processor.cc:740] No data in processing queue, waiting...
I0813 18:28:12.777261  6418 processor.cc:740] No data in processing queue, waiting...
I0813 18:28:12.781412  6423 processor.cc:740] No data in processing queue, waiting...
I0813 18:28:12.787111  6419 processor.cc:740] No data in processing queue, waiting...
I0813 18:28:12.789593  6416 processor.cc:740] No data in processing queue, waiting...
I0813 18:30:02.386977  6416 processor.cc:732] Processor thread stopped
I0813 18:30:02.387033  6416 processor.cc:733] Total number of processed batches: 52
I0813 18:30:02.387845  6417 processor.cc:732] Processor thread stopped
I0813 18:30:02.387852  6417 processor.cc:733] Total number of processed batches: 47
I0813 18:30:02.388983  6418 processor.cc:732] Processor thread stopped
I0813 18:30:02.388990  6418 processor.cc:733] Total number of processed batches: 53
I0813 18:30:02.389179  6419 processor.cc:732] Processor thread stopped
I0813 18:30:02.389185  6419 processor.cc:733] Total number of processed batches: 64
I0813 18:30:02.390244  6420 processor.cc:732] Processor thread stopped
I0813 18:30:02.390250  6420 processor.cc:733] Total number of processed batches: 48
I0813 18:30:02.390337  6421 processor.cc:732] Processor thread stopped
I0813 18:30:02.390344  6421 processor.cc:733] Total number of processed batches: 55
I0813 18:30:02.391508  6422 processor.cc:732] Processor thread stopped
I0813 18:30:02.391515  6422 processor.cc:733] Total number of processed batches: 57
I0813 18:30:02.392696  6423 processor.cc:732] Processor thread stopped
I0813 18:30:02.392704  6423 processor.cc:733] Total number of processed batches: 54
I0813 18:30:02.401908  6283 c_interface.cc:339] Disposing MasterComponent (id=2)...
I0813 18:30:02.402058  6283 c_interface.cc:375] Pass dictionary to MN4artm4core15MasterComponentEFvRKSsE
I0813 18:30:02.404973  6283 c_interface.cc:339] Disposing MasterComponent (id=4)...
