Log file created at: 2020/08/13 17:54:42
Running on machine: sid-G5-5587
Log line format: [IWEF]mmdd hh:mm:ss.uuuuuu threadid file:line] msg
I0813 17:54:42.832813  6283 c_interface.cc:127] Logging enabled to .
I0813 17:54:42.832924  6283 c_interface.cc:128] BigARTM version: v0.9.2
I0813 17:54:42.832958  6283 c_interface.cc:271] Pass MasterModelConfig: topic_name_size=0, score_config_size=1, num_processors=0, pwt_name=pwt, nwt_name=nwt, num_document_passes=0, reuse_theta=no, cache_theta=no, opt_for_avx=yes, disk_cache_path= to ArtmCreateMasterModel
I0813 17:54:42.832985  6283 c_interface.cc:274] Creating MasterModel (id=1)...
I0813 17:54:42.834177  6283 collection_parser.cc:557] CollectionParserConfig.num_threads is automatically set to 8
I0813 17:54:42.916646  6283 c_interface.cc:375] Pass 0a2662fc-ccd3-4da0-98b3-2a078a0c16ea to MN4artm4core15MasterComponentEFvRKSsE
I0813 17:54:42.916715  6283 c_interface.cc:389] Pass GatherDictionaryArgs: dictionary_target_name=0a2662fc-ccd3-4da0-98b3-2a078a0c16ea, data_path=school_batches, symmetric_cooc_values=0 to MN4artm4core15MasterComponentEFvRKNS_20GatherDictionaryArgsEE
I0813 17:54:42.916764  6283 dictionary_operations.cc:261] Found 5 batches in 'school_batches' folder
I0813 17:54:42.939901  6283 dictionary_operations.cc:325] Find 16099 unique tokens in 476 items
I0813 17:54:42.947811  6283 dictionary_operations.cc:589] Dictionary name='0a2662fc-ccd3-4da0-98b3-2a078a0c16ea' contains entries: text:16099; 
I0813 17:57:46.398068  6283 c_interface.cc:375] Pass 0a2662fc-ccd3-4da0-98b3-2a078a0c16ea to MN4artm4core15MasterComponentEFvRKSsE
I0813 17:57:46.404778  6283 c_interface.cc:339] Disposing MasterComponent (id=1)...
I0813 17:58:09.310690  6283 c_interface.cc:271] Pass MasterModelConfig: topic_name_size=10, class=(text:1), score_config_size=1, num_processors=0, pwt_name=pwt, nwt_name=nwt, num_document_passes=10, reuse_theta=no, cache_theta=no, opt_for_avx=yes, disk_cache_path= to ArtmCreateMasterModel
I0813 17:58:09.310734  6283 instance.cc:401] MasterModelConfig.processors_count is automatically set to 8
I0813 17:58:09.310799  6417 processor.cc:724] Processor thread started
I0813 17:58:09.310917  6283 c_interface.cc:274] Creating MasterModel (id=2)...
I0813 17:58:09.310943  6419 processor.cc:724] Processor thread started
I0813 17:58:09.310968  6422 processor.cc:724] Processor thread started
I0813 17:58:09.311040  6423 processor.cc:724] Processor thread started
I0813 17:58:09.311153  6416 processor.cc:724] Processor thread started
I0813 17:58:09.311293  6418 processor.cc:724] Processor thread started
I0813 17:58:09.311432  6421 processor.cc:724] Processor thread started
I0813 17:58:09.311964  6420 processor.cc:724] Processor thread started
I0813 17:58:09.331007  6419 processor.cc:740] No data in processing queue, waiting...
I0813 17:58:09.331069  6423 processor.cc:740] No data in processing queue, waiting...
I0813 17:58:09.331220  6422 processor.cc:740] No data in processing queue, waiting...
I0813 17:58:09.331223  6417 processor.cc:740] No data in processing queue, waiting...
I0813 17:58:09.331336  6418 processor.cc:740] No data in processing queue, waiting...
I0813 17:58:09.331385  6416 processor.cc:740] No data in processing queue, waiting...
I0813 17:58:09.331502  6421 processor.cc:740] No data in processing queue, waiting...
I0813 17:58:09.332139  6420 processor.cc:740] No data in processing queue, waiting...
I0813 18:03:55.125056  6283 c_interface.cc:389] Pass MasterModelConfig: topic_name_size=10, class=(text:1), score_config_size=2, num_processors=0, pwt_name=pwt, nwt_name=nwt, num_document_passes=10, reuse_theta=no, cache_theta=no, opt_for_avx=yes, disk_cache_path= to MN4artm4core15MasterComponentEFvRKNS_17MasterModelConfigEE
I0813 18:03:55.125241  6283 instance.cc:401] MasterModelConfig.processors_count is automatically set to 8
I0813 18:03:55.125290  6283 perplexity.cc:26] Perplexity score calculator created: model_type=1, dictionary_name=dictionary
I0813 18:03:55.126379  6283 c_interface.cc:389] Pass MasterModelConfig: topic_name_size=10, class=(text:1), score_config_size=3, num_processors=0, pwt_name=pwt, nwt_name=nwt, num_document_passes=10, reuse_theta=no, cache_theta=no, opt_for_avx=yes, disk_cache_path= to MN4artm4core15MasterComponentEFvRKNS_17MasterModelConfigEE
I0813 18:03:55.126421  6283 instance.cc:401] MasterModelConfig.processors_count is automatically set to 8
I0813 18:03:55.126446  6283 perplexity.cc:26] Perplexity score calculator created: model_type=1, dictionary_name=dictionary
I0813 18:03:55.127559  6283 c_interface.cc:389] Pass MasterModelConfig: topic_name_size=10, class=(text:1), score_config_size=4, num_processors=0, pwt_name=pwt, nwt_name=nwt, num_document_passes=10, reuse_theta=no, cache_theta=no, opt_for_avx=yes, disk_cache_path= to MN4artm4core15MasterComponentEFvRKNS_17MasterModelConfigEE
I0813 18:03:55.127590  6283 instance.cc:401] MasterModelConfig.processors_count is automatically set to 8
I0813 18:03:55.127609  6283 perplexity.cc:26] Perplexity score calculator created: model_type=1, dictionary_name=dictionary
I0813 18:03:55.128072  6283 c_interface.cc:389] Pass MasterModelConfig: topic_name_size=10, class=(text:1), score_config_size=5, num_processors=0, pwt_name=pwt, nwt_name=nwt, num_document_passes=10, reuse_theta=no, cache_theta=no, opt_for_avx=yes, disk_cache_path= to MN4artm4core15MasterComponentEFvRKNS_17MasterModelConfigEE
I0813 18:03:55.128124  6283 instance.cc:401] MasterModelConfig.processors_count is automatically set to 8
I0813 18:03:55.128154  6283 perplexity.cc:26] Perplexity score calculator created: model_type=1, dictionary_name=dictionary
I0813 18:14:01.269537  6283 c_interface.cc:271] Pass MasterModelConfig: topic_name_size=0, score_config_size=1, num_processors=0, pwt_name=pwt, nwt_name=nwt, num_document_passes=0, reuse_theta=no, cache_theta=no, opt_for_avx=yes, disk_cache_path= to ArtmCreateMasterModel
I0813 18:14:01.269724  6283 c_interface.cc:274] Creating MasterModel (id=3)...
I0813 18:14:01.270277  6283 c_interface.cc:375] Pass 38a32084-3646-42a0-a4c8-92448413ac95 to MN4artm4core15MasterComponentEFvRKSsE
I0813 18:14:01.270449  6283 c_interface.cc:389] Pass GatherDictionaryArgs: dictionary_target_name=38a32084-3646-42a0-a4c8-92448413ac95, data_path=school_batches, symmetric_cooc_values=0 to MN4artm4core15MasterComponentEFvRKNS_20GatherDictionaryArgsEE
I0813 18:14:01.270588  6283 dictionary_operations.cc:261] Found 5 batches in 'school_batches' folder
I0813 18:14:01.307818  6283 dictionary_operations.cc:325] Find 16099 unique tokens in 476 items
I0813 18:14:01.317533  6283 dictionary_operations.cc:589] Dictionary name='38a32084-3646-42a0-a4c8-92448413ac95' contains entries: text:16099; 
I0813 18:14:25.151973  6283 c_interface.cc:375] Pass pwt to MN4artm4core15MasterComponentEFvRKSsE
I0813 18:14:25.152237  6283 c_interface.cc:375] Pass nwt to MN4artm4core15MasterComponentEFvRKSsE
I0813 18:14:25.152662  6283 c_interface.cc:389] Pass InitializeModelArgs: model_name=pwt, dictionary_name=dictionary, topic_name_size=10, seed=-1 to MN4artm4core15MasterComponentEFvRKNS_19InitializeModelArgsEE
E0813 18:14:25.582645  6283 c_interface.cc:59] InvalidOperation :  Dictionary 'dictionary' does not exist
I0813 18:14:38.673998  6283 c_interface.cc:375] Pass 38a32084-3646-42a0-a4c8-92448413ac95 to MN4artm4core15MasterComponentEFvRKSsE
I0813 18:14:38.683077  6283 c_interface.cc:389] Pass GatherDictionaryArgs: dictionary_target_name=38a32084-3646-42a0-a4c8-92448413ac95, data_path=school_batches, symmetric_cooc_values=0 to MN4artm4core15MasterComponentEFvRKNS_20GatherDictionaryArgsEE
I0813 18:14:38.683269  6283 dictionary_operations.cc:261] Found 5 batches in 'school_batches' folder
I0813 18:14:38.731307  6283 dictionary_operations.cc:325] Find 16099 unique tokens in 476 items
I0813 18:14:38.739149  6283 dictionary_operations.cc:589] Dictionary name='38a32084-3646-42a0-a4c8-92448413ac95' contains entries: text:16099; 
I0813 18:15:20.663986  6283 c_interface.cc:271] Pass MasterModelConfig: topic_name_size=0, score_config_size=1, num_processors=0, pwt_name=pwt, nwt_name=nwt, num_document_passes=0, reuse_theta=no, cache_theta=no, opt_for_avx=yes, disk_cache_path= to ArtmCreateMasterModel
I0813 18:15:20.664291  6283 c_interface.cc:274] Creating MasterModel (id=4)...
I0813 18:15:20.664762  6283 c_interface.cc:375] Pass dictionary to MN4artm4core15MasterComponentEFvRKSsE
I0813 18:15:20.665956  6283 c_interface.cc:389] Pass GatherDictionaryArgs: dictionary_target_name=dictionary, data_path=school_batches, symmetric_cooc_values=0 to MN4artm4core15MasterComponentEFvRKNS_20GatherDictionaryArgsEE
I0813 18:15:20.666220  6283 dictionary_operations.cc:261] Found 5 batches in 'school_batches' folder
I0813 18:15:20.726642  6283 dictionary_operations.cc:325] Find 16099 unique tokens in 476 items
I0813 18:15:20.735913  6283 dictionary_operations.cc:589] Dictionary name='dictionary' contains entries: text:16099; 
I0813 18:15:20.736138  6283 c_interface.cc:375] Pass dictionary to MN4artm4core15MasterComponentEFvRKSsE
I0813 18:15:20.738473  6283 c_interface.cc:389] Pass GatherDictionaryArgs: dictionary_target_name=dictionary, data_path=school_batches, symmetric_cooc_values=0 to MN4artm4core15MasterComponentEFvRKNS_20GatherDictionaryArgsEE
I0813 18:15:20.738644  6283 dictionary_operations.cc:261] Found 5 batches in 'school_batches' folder
I0813 18:15:20.765625  6283 dictionary_operations.cc:325] Find 16099 unique tokens in 476 items
I0813 18:15:20.773584  6283 dictionary_operations.cc:589] Dictionary name='dictionary' contains entries: text:16099; 
I0813 18:15:22.461683  6283 c_interface.cc:375] Pass pwt to MN4artm4core15MasterComponentEFvRKSsE
I0813 18:15:22.461848  6283 c_interface.cc:375] Pass nwt to MN4artm4core15MasterComponentEFvRKSsE
I0813 18:15:22.462337  6283 c_interface.cc:389] Pass InitializeModelArgs: model_name=pwt, dictionary_name=dictionary, topic_name_size=10, seed=-1 to MN4artm4core15MasterComponentEFvRKNS_19InitializeModelArgsEE
I0813 18:15:22.521790  6283 master_component.cc:664] InitializeModel() created matrix pwt with 10 topics and 16099 tokens; 
I0813 18:15:22.521903  6283 c_interface.cc:389] Pass InitializeModelArgs: model_name=nwt, dictionary_name=dictionary, topic_name_size=10, seed=-1 to MN4artm4core15MasterComponentEFvRKNS_19InitializeModelArgsEE
I0813 18:15:22.557588  6283 master_component.cc:664] InitializeModel() created matrix nwt with 10 topics and 16099 tokens; 
I0813 18:15:22.557721  6283 c_interface.cc:231] ArtmCopyRequestedMessage is copying 296 bytes...
I0813 18:16:03.285953  6283 c_interface.cc:389] Pass FitOfflineMasterModelArgs, batch_filename_size=5, batch_weight_size=5, num_collection_passes=1, reset_nwt=yes to MN4artm4core15MasterComponentEFvRKNS_25FitOfflineMasterModelArgsEE
I0813 18:16:03.286149  6283 master_component.cc:1398] ProcessBatchesArgs: nwt_target_name=nwt, batch_filename_size=5, batch_size=0, batch_weight_size=5, pwt_source_name=pwt, num_document_passes=10, class=(text:1), reuse_theta=no, opt_for_avx=yes, predict_class_id=, reset_nwt=yes
I0813 18:16:03.293182  6283 master_component.cc:826] Batches count (=5) is smaller than num processors (=8), which may cause suboptimal performance.
I0813 18:16:03.294551  6420 processor.cc:747] Processing queue has data, processing started
I0813 18:16:03.295735  6416 processor.cc:747] Processing queue has data, processing started
I0813 18:16:03.297257  6419 processor.cc:747] Processing queue has data, processing started
I0813 18:16:03.299103  6421 processor.cc:747] Processing queue has data, processing started
I0813 18:16:03.299243  6420 processor.cc:820] Processor: start processing batch 9b8f8670-2f03-4493-a0db-d00617d50c29 into model nwt
I0813 18:16:03.300573  6422 processor.cc:747] Processing queue has data, processing started
I0813 18:16:03.303120  6416 processor.cc:820] Processor: start processing batch 34e43898-0893-4386-9888-7e863827b748 into model nwt
I0813 18:16:03.307585  6419 processor.cc:820] Processor: start processing batch 51e97bb4-2c76-41e2-acbf-9b203bd23cfc into model nwt
I0813 18:16:03.308040  6421 processor.cc:820] Processor: start processing batch 05194a9f-8b31-4348-a322-17b0508b78ae into model nwt
I0813 18:16:03.308127  6422 processor.cc:820] Processor: start processing batch ce9711c8-fdd4-4d09-9b61-8f76e434491d into model nwt
I0813 18:16:03.350479  6420 processor.cc:925] Processor: complete processing batch 9b8f8670-2f03-4493-a0db-d00617d50c29 into model nwt
I0813 18:16:03.351136  6420 cuckoo_watch.h:45] 56ms in ProcessBatch(school_batches/aaaaaa.batch) [including 4ms in LoadMessage; 5ms in InitializeSparseNdw; 0ms in InitializeTheta; 0ms in CreateRegularizerAgents; 23ms in InferThetaAndUpdateNwtSparse; 12ms in CalculateScore(PerplexityScore); 1ms in CalculateScore(SparsityThetaScore); 8ms in CalculateScore(^^^ItemsProcessedScore^^^); ]
I0813 18:16:03.351610  6416 processor.cc:925] Processor: complete processing batch 34e43898-0893-4386-9888-7e863827b748 into model nwt
I0813 18:16:03.352243  6416 cuckoo_watch.h:45] 56ms in ProcessBatch(school_batches/aaaaab.batch) [including 7ms in LoadMessage; 5ms in InitializeSparseNdw; 0ms in InitializeTheta; 0ms in CreateRegularizerAgents; 20ms in InferThetaAndUpdateNwtSparse; 12ms in CalculateScore(PerplexityScore); 1ms in CalculateScore(SparsityThetaScore); 8ms in CalculateScore(^^^ItemsProcessedScore^^^); ]
I0813 18:16:03.356186  6422 processor.cc:925] Processor: complete processing batch ce9711c8-fdd4-4d09-9b61-8f76e434491d into model nwt
I0813 18:16:03.356845  6422 cuckoo_watch.h:45] 56ms in ProcessBatch(school_batches/aaaaac.batch) [including 7ms in LoadMessage; 5ms in InitializeSparseNdw; 0ms in InitializeTheta; 0ms in CreateRegularizerAgents; 20ms in InferThetaAndUpdateNwtSparse; 11ms in CalculateScore(PerplexityScore); 1ms in CalculateScore(SparsityThetaScore); 8ms in CalculateScore(^^^ItemsProcessedScore^^^); ]
I0813 18:16:03.363907  6419 processor.cc:925] Processor: complete processing batch 51e97bb4-2c76-41e2-acbf-9b203bd23cfc into model nwt
I0813 18:16:03.364753  6419 cuckoo_watch.h:45] 67ms in ProcessBatch(school_batches/aaaaae.batch) [including 10ms in LoadMessage; 6ms in InitializeSparseNdw; 0ms in InitializeTheta; 0ms in CreateRegularizerAgents; 22ms in InferThetaAndUpdateNwtSparse; 13ms in CalculateScore(PerplexityScore); 2ms in CalculateScore(SparsityThetaScore); 10ms in CalculateScore(^^^ItemsProcessedScore^^^); ]
I0813 18:16:03.368322  6421 processor.cc:925] Processor: complete processing batch 05194a9f-8b31-4348-a322-17b0508b78ae into model nwt
I0813 18:16:03.369036  6421 cuckoo_watch.h:45] 69ms in ProcessBatch(school_batches/aaaaad.batch) [including 8ms in LoadMessage; 7ms in InitializeSparseNdw; 0ms in InitializeTheta; 0ms in CreateRegularizerAgents; 23ms in InferThetaAndUpdateNwtSparse; 15ms in CalculateScore(PerplexityScore); 2ms in CalculateScore(SparsityThetaScore); 11ms in CalculateScore(^^^ItemsProcessedScore^^^); ]
I0813 18:16:03.369408  6283 master_component.cc:1449] NormalizeModelArgs: pwt_target_name=pwt, nwt_source_name=nwt, rwt_source_name=
I0813 18:16:03.369415  6283 master_component.cc:1006] MasterComponent: start normalizing model nwt
I0813 18:16:03.371409  6420 processor.cc:740] No data in processing queue, waiting...
I0813 18:16:03.372587  6416 processor.cc:740] No data in processing queue, waiting...
I0813 18:16:03.376935  6422 processor.cc:740] No data in processing queue, waiting...
I0813 18:16:03.384938  6419 processor.cc:740] No data in processing queue, waiting...
I0813 18:16:03.389389  6421 processor.cc:740] No data in processing queue, waiting...
I0813 18:16:03.390141  6283 master_component.cc:1034] MasterComponent: complete normalizing model nwt
I0813 18:16:03.406011  6283 master_component.cc:1473] DisposeModel rwt
I0813 18:16:03.406054  6283 master_component.cc:1059] FitOffline: ItemsProcessed, num_items=476, num_batches=5, token_weight=160411, token_weight_in_effect=160411
I0813 18:16:03.406196  6283 c_interface.cc:389] Pass FitOfflineMasterModelArgs, batch_filename_size=5, batch_weight_size=5, num_collection_passes=1, reset_nwt=yes to MN4artm4core15MasterComponentEFvRKNS_25FitOfflineMasterModelArgsEE
I0813 18:16:03.406213  6283 master_component.cc:1398] ProcessBatchesArgs: nwt_target_name=nwt, batch_filename_size=5, batch_size=0, batch_weight_size=5, pwt_source_name=pwt, num_document_passes=10, class=(text:1), reuse_theta=no, opt_for_avx=yes, predict_class_id=, reset_nwt=yes
I0813 18:16:03.409366  6417 processor.cc:747] Processing queue has data, processing started
I0813 18:16:03.410034  6422 processor.cc:747] Processing queue has data, processing started
I0813 18:16:03.410590  6421 processor.cc:747] Processing queue has data, processing started
I0813 18:16:03.411635  6422 processor.cc:820] Processor: start processing batch 34e43898-0893-4386-9888-7e863827b748 into model nwt
I0813 18:16:03.411670  6423 processor.cc:747] Processing queue has data, processing started
I0813 18:16:03.411742  6416 processor.cc:747] Processing queue has data, processing started
I0813 18:16:03.412057  6417 processor.cc:820] Processor: start processing batch 9b8f8670-2f03-4493-a0db-d00617d50c29 into model nwt
I0813 18:16:03.412076  6421 processor.cc:820] Processor: start processing batch 51e97bb4-2c76-41e2-acbf-9b203bd23cfc into model nwt
I0813 18:16:03.414831  6416 processor.cc:820] Processor: start processing batch ce9711c8-fdd4-4d09-9b61-8f76e434491d into model nwt
I0813 18:16:03.415557  6423 processor.cc:820] Processor: start processing batch 05194a9f-8b31-4348-a322-17b0508b78ae into model nwt
I0813 18:16:03.444936  6421 processor.cc:925] Processor: complete processing batch 51e97bb4-2c76-41e2-acbf-9b203bd23cfc into model nwt
I0813 18:16:03.445606  6421 cuckoo_watch.h:45] 34ms in ProcessBatch(school_batches/aaaaae.batch) [including 1ms in LoadMessage; 1ms in InitializeSparseNdw; 0ms in InitializeTheta; 0ms in CreateRegularizerAgents; 11ms in InferThetaAndUpdateNwtSparse; 10ms in CalculateScore(PerplexityScore); 1ms in CalculateScore(SparsityThetaScore); 7ms in CalculateScore(^^^ItemsProcessedScore^^^); ]
I0813 18:16:03.446907  6422 processor.cc:925] Processor: complete processing batch 34e43898-0893-4386-9888-7e863827b748 into model nwt
I0813 18:16:03.447639  6422 cuckoo_watch.h:45] 37ms in ProcessBatch(school_batches/aaaaab.batch) [including 1ms in LoadMessage; 1ms in InitializeSparseNdw; 0ms in InitializeTheta; 0ms in CreateRegularizerAgents; 12ms in InferThetaAndUpdateNwtSparse; 11ms in CalculateScore(PerplexityScore); 1ms in CalculateScore(SparsityThetaScore); 8ms in CalculateScore(^^^ItemsProcessedScore^^^); ]
I0813 18:16:03.449129  6417 processor.cc:925] Processor: complete processing batch 9b8f8670-2f03-4493-a0db-d00617d50c29 into model nwt
I0813 18:16:03.450100  6417 cuckoo_watch.h:45] 40ms in ProcessBatch(school_batches/aaaaaa.batch) [including 2ms in LoadMessage; 1ms in InitializeSparseNdw; 0ms in InitializeTheta; 0ms in CreateRegularizerAgents; 11ms in InferThetaAndUpdateNwtSparse; 11ms in CalculateScore(PerplexityScore); 1ms in CalculateScore(SparsityThetaScore); 11ms in CalculateScore(^^^ItemsProcessedScore^^^); ]
I0813 18:16:03.465795  6421 processor.cc:740] No data in processing queue, waiting...
I0813 18:16:03.468050  6422 processor.cc:740] No data in processing queue, waiting...
I0813 18:16:03.468957  6423 processor.cc:925] Processor: complete processing batch 05194a9f-8b31-4348-a322-17b0508b78ae into model nwt
I0813 18:16:03.469852  6423 cuckoo_watch.h:45] 58ms in ProcessBatch(school_batches/aaaaad.batch) [including 3ms in LoadMessage; 3ms in InitializeSparseNdw; 0ms in InitializeTheta; 0ms in CreateRegularizerAgents; 18ms in InferThetaAndUpdateNwtSparse; 16ms in CalculateScore(PerplexityScore); 2ms in CalculateScore(SparsityThetaScore); 13ms in CalculateScore(^^^ItemsProcessedScore^^^); ]
I0813 18:16:03.470070  6416 processor.cc:925] Processor: complete processing batch ce9711c8-fdd4-4d09-9b61-8f76e434491d into model nwt
I0813 18:16:03.470203  6417 processor.cc:740] No data in processing queue, waiting...
I0813 18:16:03.470724  6416 cuckoo_watch.h:45] 58ms in ProcessBatch(school_batches/aaaaac.batch) [including 3ms in LoadMessage; 3ms in InitializeSparseNdw; 0ms in InitializeTheta; 0ms in CreateRegularizerAgents; 18ms in InferThetaAndUpdateNwtSparse; 16ms in CalculateScore(PerplexityScore); 2ms in CalculateScore(SparsityThetaScore); 13ms in CalculateScore(^^^ItemsProcessedScore^^^); ]
I0813 18:16:03.471597  6283 master_component.cc:1449] NormalizeModelArgs: pwt_target_name=pwt, nwt_source_name=nwt, rwt_source_name=
I0813 18:16:03.471606  6283 master_component.cc:1006] MasterComponent: start normalizing model nwt
I0813 18:16:03.490998  6416 processor.cc:740] No data in processing queue, waiting...
I0813 18:16:03.491412  6423 processor.cc:740] No data in processing queue, waiting...
I0813 18:16:03.502447  6283 master_component.cc:1034] MasterComponent: complete normalizing model nwt
I0813 18:16:03.518105  6283 master_component.cc:1473] DisposeModel rwt
I0813 18:16:03.518134  6283 master_component.cc:1059] FitOffline: ItemsProcessed, num_items=476, num_batches=5, token_weight=160411, token_weight_in_effect=160411
I0813 18:16:03.518267  6283 c_interface.cc:389] Pass FitOfflineMasterModelArgs, batch_filename_size=5, batch_weight_size=5, num_collection_passes=1, reset_nwt=yes to MN4artm4core15MasterComponentEFvRKNS_25FitOfflineMasterModelArgsEE
I0813 18:16:03.518290  6283 master_component.cc:1398] ProcessBatchesArgs: nwt_target_name=nwt, batch_filename_size=5, batch_size=0, batch_weight_size=5, pwt_source_name=pwt, num_document_passes=10, class=(text:1), reuse_theta=no, opt_for_avx=yes, predict_class_id=, reset_nwt=yes
I0813 18:16:03.522526  6417 processor.cc:747] Processing queue has data, processing started
I0813 18:16:03.523272  6422 processor.cc:747] Processing queue has data, processing started
I0813 18:16:03.523649  6421 processor.cc:747] Processing queue has data, processing started
I0813 18:16:03.524298  6418 processor.cc:747] Processing queue has data, processing started
I0813 18:16:03.524463  6417 processor.cc:820] Processor: start processing batch 9b8f8670-2f03-4493-a0db-d00617d50c29 into model nwt
I0813 18:16:03.524626  6419 processor.cc:747] Processing queue has data, processing started
I0813 18:16:03.525141  6422 processor.cc:820] Processor: start processing batch 34e43898-0893-4386-9888-7e863827b748 into model nwt
I0813 18:16:03.526432  6421 processor.cc:820] Processor: start processing batch 51e97bb4-2c76-41e2-acbf-9b203bd23cfc into model nwt
I0813 18:16:03.526517  6419 processor.cc:820] Processor: start processing batch ce9711c8-fdd4-4d09-9b61-8f76e434491d into model nwt
I0813 18:16:03.527168  6418 processor.cc:820] Processor: start processing batch 05194a9f-8b31-4348-a322-17b0508b78ae into model nwt
I0813 18:16:03.562929  6419 processor.cc:925] Processor: complete processing batch ce9711c8-fdd4-4d09-9b61-8f76e434491d into model nwt
I0813 18:16:03.563601  6419 cuckoo_watch.h:45] 38ms in ProcessBatch(school_batches/aaaaac.batch) [including 1ms in LoadMessage; 1ms in InitializeSparseNdw; 0ms in InitializeTheta; 0ms in CreateRegularizerAgents; 13ms in InferThetaAndUpdateNwtSparse; 12ms in CalculateScore(PerplexityScore); 1ms in CalculateScore(SparsityThetaScore); 8ms in CalculateScore(^^^ItemsProcessedScore^^^); ]
I0813 18:16:03.570901  6421 processor.cc:925] Processor: complete processing batch 51e97bb4-2c76-41e2-acbf-9b203bd23cfc into model nwt
I0813 18:16:03.571770  6421 cuckoo_watch.h:45] 48ms in ProcessBatch(school_batches/aaaaae.batch) [including 2ms in LoadMessage; 2ms in InitializeSparseNdw; 0ms in InitializeTheta; 0ms in CreateRegularizerAgents; 15ms in InferThetaAndUpdateNwtSparse; 12ms in CalculateScore(PerplexityScore); 2ms in CalculateScore(SparsityThetaScore); 10ms in CalculateScore(^^^ItemsProcessedScore^^^); ]
I0813 18:16:03.572942  6417 processor.cc:925] Processor: complete processing batch 9b8f8670-2f03-4493-a0db-d00617d50c29 into model nwt
I0813 18:16:03.573554  6417 cuckoo_watch.h:45] 51ms in ProcessBatch(school_batches/aaaaaa.batch) [including 1ms in LoadMessage; 3ms in InitializeSparseNdw; 0ms in InitializeTheta; 0ms in CreateRegularizerAgents; 17ms in InferThetaAndUpdateNwtSparse; 14ms in CalculateScore(PerplexityScore); 2ms in CalculateScore(SparsityThetaScore); 11ms in CalculateScore(^^^ItemsProcessedScore^^^); ]
I0813 18:16:03.574273  6422 processor.cc:925] Processor: complete processing batch 34e43898-0893-4386-9888-7e863827b748 into model nwt
I0813 18:16:03.574894  6422 cuckoo_watch.h:45] 51ms in ProcessBatch(school_batches/aaaaab.batch) [including 1ms in LoadMessage; 3ms in InitializeSparseNdw; 0ms in InitializeTheta; 0ms in CreateRegularizerAgents; 17ms in InferThetaAndUpdateNwtSparse; 14ms in CalculateScore(PerplexityScore); 2ms in CalculateScore(SparsityThetaScore); 11ms in CalculateScore(^^^ItemsProcessedScore^^^); ]
I0813 18:16:03.575193  6418 processor.cc:925] Processor: complete processing batch 05194a9f-8b31-4348-a322-17b0508b78ae into model nwt
I0813 18:16:03.575835  6418 cuckoo_watch.h:45] 51ms in ProcessBatch(school_batches/aaaaad.batch) [including 2ms in LoadMessage; 2ms in InitializeSparseNdw; 0ms in InitializeTheta; 0ms in CreateRegularizerAgents; 17ms in InferThetaAndUpdateNwtSparse; 14ms in CalculateScore(PerplexityScore); 2ms in CalculateScore(SparsityThetaScore); 11ms in CalculateScore(^^^ItemsProcessedScore^^^); ]
I0813 18:16:03.575984  6283 master_component.cc:1449] NormalizeModelArgs: pwt_target_name=pwt, nwt_source_name=nwt, rwt_source_name=
I0813 18:16:03.575990  6283 master_component.cc:1006] MasterComponent: start normalizing model nwt
I0813 18:16:03.584139  6419 processor.cc:740] No data in processing queue, waiting...
I0813 18:16:03.591922  6421 processor.cc:740] No data in processing queue, waiting...
I0813 18:16:03.593267  6283 master_component.cc:1034] MasterComponent: complete normalizing model nwt
I0813 18:16:03.593964  6417 processor.cc:740] No data in processing queue, waiting...
I0813 18:16:03.595232  6422 processor.cc:740] No data in processing queue, waiting...
I0813 18:16:03.596335  6418 processor.cc:740] No data in processing queue, waiting...
I0813 18:16:03.609027  6283 master_component.cc:1473] DisposeModel rwt
I0813 18:16:03.609055  6283 master_component.cc:1059] FitOffline: ItemsProcessed, num_items=476, num_batches=5, token_weight=160411, token_weight_in_effect=160411
I0813 18:16:03.609170  6283 c_interface.cc:389] Pass FitOfflineMasterModelArgs, batch_filename_size=5, batch_weight_size=5, num_collection_passes=1, reset_nwt=yes to MN4artm4core15MasterComponentEFvRKNS_25FitOfflineMasterModelArgsEE
I0813 18:16:03.609185  6283 master_component.cc:1398] ProcessBatchesArgs: nwt_target_name=nwt, batch_filename_size=5, batch_size=0, batch_weight_size=5, pwt_source_name=pwt, num_document_passes=10, class=(text:1), reuse_theta=no, opt_for_avx=yes, predict_class_id=, reset_nwt=yes
I0813 18:16:03.612206  6418 processor.cc:747] Processing queue has data, processing started
I0813 18:16:03.613147  6416 processor.cc:747] Processing queue has data, processing started
I0813 18:16:03.613150  6419 processor.cc:747] Processing queue has data, processing started
I0813 18:16:03.613585  6423 processor.cc:747] Processing queue has data, processing started
I0813 18:16:03.613976  6418 processor.cc:820] Processor: start processing batch 9b8f8670-2f03-4493-a0db-d00617d50c29 into model nwt
I0813 18:16:03.614395  6420 processor.cc:747] Processing queue has data, processing started
I0813 18:16:03.614946  6419 processor.cc:820] Processor: start processing batch 34e43898-0893-4386-9888-7e863827b748 into model nwt
I0813 18:16:03.615800  6416 processor.cc:820] Processor: start processing batch 51e97bb4-2c76-41e2-acbf-9b203bd23cfc into model nwt
I0813 18:16:03.616549  6423 processor.cc:820] Processor: start processing batch 05194a9f-8b31-4348-a322-17b0508b78ae into model nwt
I0813 18:16:03.617256  6420 processor.cc:820] Processor: start processing batch ce9711c8-fdd4-4d09-9b61-8f76e434491d into model nwt
I0813 18:16:03.652307  6419 processor.cc:925] Processor: complete processing batch 34e43898-0893-4386-9888-7e863827b748 into model nwt
I0813 18:16:03.652990  6419 cuckoo_watch.h:45] 39ms in ProcessBatch(school_batches/aaaaab.batch) [including 1ms in LoadMessage; 2ms in InitializeSparseNdw; 0ms in InitializeTheta; 0ms in CreateRegularizerAgents; 13ms in InferThetaAndUpdateNwtSparse; 11ms in CalculateScore(PerplexityScore); 1ms in CalculateScore(SparsityThetaScore); 8ms in CalculateScore(^^^ItemsProcessedScore^^^); ]
I0813 18:16:03.661078  6416 processor.cc:925] Processor: complete processing batch 51e97bb4-2c76-41e2-acbf-9b203bd23cfc into model nwt
I0813 18:16:03.661979  6416 cuckoo_watch.h:45] 48ms in ProcessBatch(school_batches/aaaaae.batch) [including 2ms in LoadMessage; 2ms in InitializeSparseNdw; 0ms in InitializeTheta; 0ms in CreateRegularizerAgents; 16ms in InferThetaAndUpdateNwtSparse; 13ms in CalculateScore(PerplexityScore); 2ms in CalculateScore(SparsityThetaScore); 10ms in CalculateScore(^^^ItemsProcessedScore^^^); ]
I0813 18:16:03.663002  6418 processor.cc:925] Processor: complete processing batch 9b8f8670-2f03-4493-a0db-d00617d50c29 into model nwt
I0813 18:16:03.663879  6418 cuckoo_watch.h:45] 51ms in ProcessBatch(school_batches/aaaaaa.batch) [including 1ms in LoadMessage; 2ms in InitializeSparseNdw; 0ms in InitializeTheta; 0ms in CreateRegularizerAgents; 17ms in InferThetaAndUpdateNwtSparse; 14ms in CalculateScore(PerplexityScore); 2ms in CalculateScore(SparsityThetaScore); 11ms in CalculateScore(^^^ItemsProcessedScore^^^); ]
I0813 18:16:03.664788  6423 processor.cc:925] Processor: complete processing batch 05194a9f-8b31-4348-a322-17b0508b78ae into model nwt
I0813 18:16:03.665474  6423 cuckoo_watch.h:45] 51ms in ProcessBatch(school_batches/aaaaad.batch) [including 2ms in LoadMessage; 2ms in InitializeSparseNdw; 0ms in InitializeTheta; 0ms in CreateRegularizerAgents; 17ms in InferThetaAndUpdateNwtSparse; 14ms in CalculateScore(PerplexityScore); 2ms in CalculateScore(SparsityThetaScore); 10ms in CalculateScore(^^^ItemsProcessedScore^^^); ]
I0813 18:16:03.666574  6420 processor.cc:925] Processor: complete processing batch ce9711c8-fdd4-4d09-9b61-8f76e434491d into model nwt
I0813 18:16:03.667171  6420 cuckoo_watch.h:45] 52ms in ProcessBatch(school_batches/aaaaac.batch) [including 2ms in LoadMessage; 2ms in InitializeSparseNdw; 0ms in InitializeTheta; 0ms in CreateRegularizerAgents; 17ms in InferThetaAndUpdateNwtSparse; 15ms in CalculateScore(PerplexityScore); 2ms in CalculateScore(SparsityThetaScore); 11ms in CalculateScore(^^^ItemsProcessedScore^^^); ]
I0813 18:16:03.667495  6283 master_component.cc:1449] NormalizeModelArgs: pwt_target_name=pwt, nwt_source_name=nwt, rwt_source_name=
I0813 18:16:03.667502  6283 master_component.cc:1006] MasterComponent: start normalizing model nwt
I0813 18:16:03.673418  6419 processor.cc:740] No data in processing queue, waiting...
I0813 18:16:03.682415  6416 processor.cc:740] No data in processing queue, waiting...
I0813 18:16:03.684082  6283 master_component.cc:1034] MasterComponent: complete normalizing model nwt
I0813 18:16:03.684193  6418 processor.cc:740] No data in processing queue, waiting...
I0813 18:16:03.685734  6423 processor.cc:740] No data in processing queue, waiting...
I0813 18:16:03.687408  6420 processor.cc:740] No data in processing queue, waiting...
I0813 18:16:03.697729  6283 master_component.cc:1473] DisposeModel rwt
I0813 18:16:03.697751  6283 master_component.cc:1059] FitOffline: ItemsProcessed, num_items=476, num_batches=5, token_weight=160411, token_weight_in_effect=160411
I0813 18:16:03.697871  6283 c_interface.cc:389] Pass FitOfflineMasterModelArgs, batch_filename_size=5, batch_weight_size=5, num_collection_passes=1, reset_nwt=yes to MN4artm4core15MasterComponentEFvRKNS_25FitOfflineMasterModelArgsEE
I0813 18:16:03.697885  6283 master_component.cc:1398] ProcessBatchesArgs: nwt_target_name=nwt, batch_filename_size=5, batch_size=0, batch_weight_size=5, pwt_source_name=pwt, num_document_passes=10, class=(text:1), reuse_theta=no, opt_for_avx=yes, predict_class_id=, reset_nwt=yes
I0813 18:16:03.701128  6423 processor.cc:747] Processing queue has data, processing started
I0813 18:16:03.701141  6416 processor.cc:747] Processing queue has data, processing started
I0813 18:16:03.701612  6418 processor.cc:747] Processing queue has data, processing started
I0813 18:16:03.702227  6421 processor.cc:747] Processing queue has data, processing started
I0813 18:16:03.702824  6419 processor.cc:747] Processing queue has data, processing started
I0813 18:16:03.703457  6418 processor.cc:820] Processor: start processing batch 51e97bb4-2c76-41e2-acbf-9b203bd23cfc into model nwt
I0813 18:16:03.703760  6421 processor.cc:820] Processor: start processing batch 05194a9f-8b31-4348-a322-17b0508b78ae into model nwt
I0813 18:16:03.704008  6423 processor.cc:820] Processor: start processing batch 34e43898-0893-4386-9888-7e863827b748 into model nwt
I0813 18:16:03.704198  6416 processor.cc:820] Processor: start processing batch 9b8f8670-2f03-4493-a0db-d00617d50c29 into model nwt
I0813 18:16:03.705781  6419 processor.cc:820] Processor: start processing batch ce9711c8-fdd4-4d09-9b61-8f76e434491d into model nwt
I0813 18:16:03.738277  6421 processor.cc:925] Processor: complete processing batch 05194a9f-8b31-4348-a322-17b0508b78ae into model nwt
I0813 18:16:03.738937  6421 cuckoo_watch.h:45] 36ms in ProcessBatch(school_batches/aaaaad.batch) [including 1ms in LoadMessage; 1ms in InitializeSparseNdw; 0ms in InitializeTheta; 0ms in CreateRegularizerAgents; 12ms in InferThetaAndUpdateNwtSparse; 10ms in CalculateScore(PerplexityScore); 1ms in CalculateScore(SparsityThetaScore); 8ms in CalculateScore(^^^ItemsProcessedScore^^^); ]
I0813 18:16:03.748379  6418 processor.cc:925] Processor: complete processing batch 51e97bb4-2c76-41e2-acbf-9b203bd23cfc into model nwt
I0813 18:16:03.749274  6418 cuckoo_watch.h:45] 47ms in ProcessBatch(school_batches/aaaaae.batch) [including 1ms in LoadMessage; 2ms in InitializeSparseNdw; 0ms in InitializeTheta; 0ms in CreateRegularizerAgents; 15ms in InferThetaAndUpdateNwtSparse; 13ms in CalculateScore(PerplexityScore); 2ms in CalculateScore(SparsityThetaScore); 10ms in CalculateScore(^^^ItemsProcessedScore^^^); ]
I0813 18:16:03.752216  6423 processor.cc:925] Processor: complete processing batch 34e43898-0893-4386-9888-7e863827b748 into model nwt
I0813 18:16:03.752650  6416 processor.cc:925] Processor: complete processing batch 9b8f8670-2f03-4493-a0db-d00617d50c29 into model nwt
I0813 18:16:03.752830  6423 cuckoo_watch.h:45] 51ms in ProcessBatch(school_batches/aaaaab.batch) [including 2ms in LoadMessage; 3ms in InitializeSparseNdw; 0ms in InitializeTheta; 0ms in CreateRegularizerAgents; 16ms in InferThetaAndUpdateNwtSparse; 14ms in CalculateScore(PerplexityScore); 2ms in CalculateScore(SparsityThetaScore); 11ms in CalculateScore(^^^ItemsProcessedScore^^^); ]
I0813 18:16:03.753209  6419 processor.cc:925] Processor: complete processing batch ce9711c8-fdd4-4d09-9b61-8f76e434491d into model nwt
I0813 18:16:03.753324  6416 cuckoo_watch.h:45] 52ms in ProcessBatch(school_batches/aaaaaa.batch) [including 3ms in LoadMessage; 3ms in InitializeSparseNdw; 0ms in InitializeTheta; 0ms in CreateRegularizerAgents; 16ms in InferThetaAndUpdateNwtSparse; 14ms in CalculateScore(PerplexityScore); 2ms in CalculateScore(SparsityThetaScore); 11ms in CalculateScore(^^^ItemsProcessedScore^^^); ]
I0813 18:16:03.753844  6419 cuckoo_watch.h:45] 51ms in ProcessBatch(school_batches/aaaaac.batch) [including 2ms in LoadMessage; 2ms in InitializeSparseNdw; 0ms in InitializeTheta; 0ms in CreateRegularizerAgents; 16ms in InferThetaAndUpdateNwtSparse; 14ms in CalculateScore(PerplexityScore); 2ms in CalculateScore(SparsityThetaScore); 10ms in CalculateScore(^^^ItemsProcessedScore^^^); ]
I0813 18:16:03.753885  6283 master_component.cc:1449] NormalizeModelArgs: pwt_target_name=pwt, nwt_source_name=nwt, rwt_source_name=
I0813 18:16:03.753892  6283 master_component.cc:1006] MasterComponent: start normalizing model nwt
I0813 18:16:03.759160  6421 processor.cc:740] No data in processing queue, waiting...
I0813 18:16:03.769858  6418 processor.cc:740] No data in processing queue, waiting...
I0813 18:16:03.770717  6283 master_component.cc:1034] MasterComponent: complete normalizing model nwt
I0813 18:16:03.773514  6423 processor.cc:740] No data in processing queue, waiting...
I0813 18:16:03.774159  6416 processor.cc:740] No data in processing queue, waiting...
I0813 18:16:03.774618  6419 processor.cc:740] No data in processing queue, waiting...
I0813 18:16:03.784756  6283 master_component.cc:1473] DisposeModel rwt
I0813 18:16:03.784780  6283 master_component.cc:1059] FitOffline: ItemsProcessed, num_items=476, num_batches=5, token_weight=160411, token_weight_in_effect=160411
I0813 18:16:03.784893  6283 c_interface.cc:389] Pass FitOfflineMasterModelArgs, batch_filename_size=5, batch_weight_size=5, num_collection_passes=1, reset_nwt=yes to MN4artm4core15MasterComponentEFvRKNS_25FitOfflineMasterModelArgsEE
I0813 18:16:03.784909  6283 master_component.cc:1398] ProcessBatchesArgs: nwt_target_name=nwt, batch_filename_size=5, batch_size=0, batch_weight_size=5, pwt_source_name=pwt, num_document_passes=10, class=(text:1), reuse_theta=no, opt_for_avx=yes, predict_class_id=, reset_nwt=yes
I0813 18:16:03.787770  6422 processor.cc:747] Processing queue has data, processing started
I0813 18:16:03.788381  6416 processor.cc:747] Processing queue has data, processing started
I0813 18:16:03.788556  6418 processor.cc:747] Processing queue has data, processing started
I0813 18:16:03.789023  6417 processor.cc:747] Processing queue has data, processing started
I0813 18:16:03.789325  6422 processor.cc:820] Processor: start processing batch 9b8f8670-2f03-4493-a0db-d00617d50c29 into model nwt
I0813 18:16:03.789839  6423 processor.cc:747] Processing queue has data, processing started
I0813 18:16:03.790077  6418 processor.cc:820] Processor: start processing batch 51e97bb4-2c76-41e2-acbf-9b203bd23cfc into model nwt
I0813 18:16:03.790084  6416 processor.cc:820] Processor: start processing batch 34e43898-0893-4386-9888-7e863827b748 into model nwt
I0813 18:16:03.790737  6417 processor.cc:820] Processor: start processing batch 05194a9f-8b31-4348-a322-17b0508b78ae into model nwt
I0813 18:16:03.792737  6423 processor.cc:820] Processor: start processing batch ce9711c8-fdd4-4d09-9b61-8f76e434491d into model nwt
I0813 18:16:03.819856  6418 processor.cc:925] Processor: complete processing batch 51e97bb4-2c76-41e2-acbf-9b203bd23cfc into model nwt
I0813 18:16:03.820478  6418 cuckoo_watch.h:45] 31ms in ProcessBatch(school_batches/aaaaae.batch) [including 1ms in LoadMessage; 1ms in InitializeSparseNdw; 0ms in InitializeTheta; 0ms in CreateRegularizerAgents; 10ms in InferThetaAndUpdateNwtSparse; 9ms in CalculateScore(PerplexityScore); 1ms in CalculateScore(SparsityThetaScore); 6ms in CalculateScore(^^^ItemsProcessedScore^^^); ]
I0813 18:16:03.821535  6422 processor.cc:925] Processor: complete processing batch 9b8f8670-2f03-4493-a0db-d00617d50c29 into model nwt
I0813 18:16:03.822121  6422 cuckoo_watch.h:45] 34ms in ProcessBatch(school_batches/aaaaaa.batch) [including 1ms in LoadMessage; 1ms in InitializeSparseNdw; 0ms in InitializeTheta; 0ms in CreateRegularizerAgents; 11ms in InferThetaAndUpdateNwtSparse; 9ms in CalculateScore(PerplexityScore); 1ms in CalculateScore(SparsityThetaScore); 7ms in CalculateScore(^^^ItemsProcessedScore^^^); ]
I0813 18:16:03.822700  6417 processor.cc:925] Processor: complete processing batch 05194a9f-8b31-4348-a322-17b0508b78ae into model nwt
I0813 18:16:03.823288  6417 cuckoo_watch.h:45] 34ms in ProcessBatch(school_batches/aaaaad.batch) [including 1ms in LoadMessage; 1ms in InitializeSparseNdw; 0ms in InitializeTheta; 0ms in CreateRegularizerAgents; 11ms in InferThetaAndUpdateNwtSparse; 10ms in CalculateScore(PerplexityScore); 1ms in CalculateScore(SparsityThetaScore); 7ms in CalculateScore(^^^ItemsProcessedScore^^^); ]
I0813 18:16:03.838160  6416 processor.cc:925] Processor: complete processing batch 34e43898-0893-4386-9888-7e863827b748 into model nwt
I0813 18:16:03.838999  6416 cuckoo_watch.h:45] 50ms in ProcessBatch(school_batches/aaaaab.batch) [including 1ms in LoadMessage; 3ms in InitializeSparseNdw; 0ms in InitializeTheta; 0ms in CreateRegularizerAgents; 17ms in InferThetaAndUpdateNwtSparse; 14ms in CalculateScore(PerplexityScore); 2ms in CalculateScore(SparsityThetaScore); 11ms in CalculateScore(^^^ItemsProcessedScore^^^); ]
I0813 18:16:03.841125  6418 processor.cc:740] No data in processing queue, waiting...
I0813 18:16:03.841145  6423 processor.cc:925] Processor: complete processing batch ce9711c8-fdd4-4d09-9b61-8f76e434491d into model nwt
I0813 18:16:03.841722  6423 cuckoo_watch.h:45] 51ms in ProcessBatch(school_batches/aaaaac.batch) [including 2ms in LoadMessage; 2ms in InitializeSparseNdw; 0ms in InitializeTheta; 0ms in CreateRegularizerAgents; 17ms in InferThetaAndUpdateNwtSparse; 14ms in CalculateScore(PerplexityScore); 2ms in CalculateScore(SparsityThetaScore); 10ms in CalculateScore(^^^ItemsProcessedScore^^^); ]
I0813 18:16:03.842900  6283 master_component.cc:1449] NormalizeModelArgs: pwt_target_name=pwt, nwt_source_name=nwt, rwt_source_name=
I0813 18:16:03.842907  6283 master_component.cc:1006] MasterComponent: start normalizing model nwt
I0813 18:16:03.842907  6422 processor.cc:740] No data in processing queue, waiting...
I0813 18:16:03.843941  6417 processor.cc:740] No data in processing queue, waiting...
I0813 18:16:03.859537  6283 master_component.cc:1034] MasterComponent: complete normalizing model nwt
I0813 18:16:03.859750  6416 processor.cc:740] No data in processing queue, waiting...
I0813 18:16:03.862498  6423 processor.cc:740] No data in processing queue, waiting...
I0813 18:16:03.874332  6283 master_component.cc:1473] DisposeModel rwt
I0813 18:16:03.874361  6283 master_component.cc:1059] FitOffline: ItemsProcessed, num_items=476, num_batches=5, token_weight=160411, token_weight_in_effect=160411
I0813 18:16:03.874472  6283 c_interface.cc:389] Pass FitOfflineMasterModelArgs, batch_filename_size=5, batch_weight_size=5, num_collection_passes=1, reset_nwt=yes to MN4artm4core15MasterComponentEFvRKNS_25FitOfflineMasterModelArgsEE
I0813 18:16:03.874487  6283 master_component.cc:1398] ProcessBatchesArgs: nwt_target_name=nwt, batch_filename_size=5, batch_size=0, batch_weight_size=5, pwt_source_name=pwt, num_document_passes=10, class=(text:1), reuse_theta=no, opt_for_avx=yes, predict_class_id=, reset_nwt=yes
I0813 18:16:03.877498  6418 processor.cc:747] Processing queue has data, processing started
I0813 18:16:03.877804  6423 processor.cc:747] Processing queue has data, processing started
I0813 18:16:03.878340  6420 processor.cc:747] Processing queue has data, processing started
I0813 18:16:03.878862  6417 processor.cc:747] Processing queue has data, processing started
I0813 18:16:03.879107  6418 processor.cc:820] Processor: start processing batch 9b8f8670-2f03-4493-a0db-d00617d50c29 into model nwt
I0813 18:16:03.879420  6423 processor.cc:820] Processor: start processing batch 34e43898-0893-4386-9888-7e863827b748 into model nwt
I0813 18:16:03.879585  6421 processor.cc:747] Processing queue has data, processing started
I0813 18:16:03.880350  6420 processor.cc:820] Processor: start processing batch 51e97bb4-2c76-41e2-acbf-9b203bd23cfc into model nwt
I0813 18:16:03.880453  6417 processor.cc:820] Processor: start processing batch 05194a9f-8b31-4348-a322-17b0508b78ae into model nwt
I0813 18:16:03.882520  6421 processor.cc:820] Processor: start processing batch ce9711c8-fdd4-4d09-9b61-8f76e434491d into model nwt
I0813 18:16:03.910498  6420 processor.cc:925] Processor: complete processing batch 51e97bb4-2c76-41e2-acbf-9b203bd23cfc into model nwt
I0813 18:16:03.911090  6420 cuckoo_watch.h:45] 32ms in ProcessBatch(school_batches/aaaaae.batch) [including 1ms in LoadMessage; 1ms in InitializeSparseNdw; 0ms in InitializeTheta; 0ms in CreateRegularizerAgents; 10ms in InferThetaAndUpdateNwtSparse; 9ms in CalculateScore(PerplexityScore); 1ms in CalculateScore(SparsityThetaScore); 6ms in CalculateScore(^^^ItemsProcessedScore^^^); ]
I0813 18:16:03.911861  6418 processor.cc:925] Processor: complete processing batch 9b8f8670-2f03-4493-a0db-d00617d50c29 into model nwt
I0813 18:16:03.912529  6418 cuckoo_watch.h:45] 35ms in ProcessBatch(school_batches/aaaaaa.batch) [including 1ms in LoadMessage; 1ms in InitializeSparseNdw; 0ms in InitializeTheta; 0ms in CreateRegularizerAgents; 11ms in InferThetaAndUpdateNwtSparse; 10ms in CalculateScore(PerplexityScore); 1ms in CalculateScore(SparsityThetaScore); 7ms in CalculateScore(^^^ItemsProcessedScore^^^); ]
I0813 18:16:03.912611  6417 processor.cc:925] Processor: complete processing batch 05194a9f-8b31-4348-a322-17b0508b78ae into model nwt
I0813 18:16:03.913188  6417 cuckoo_watch.h:45] 34ms in ProcessBatch(school_batches/aaaaad.batch) [including 1ms in LoadMessage; 1ms in InitializeSparseNdw; 0ms in InitializeTheta; 0ms in CreateRegularizerAgents; 11ms in InferThetaAndUpdateNwtSparse; 10ms in CalculateScore(PerplexityScore); 1ms in CalculateScore(SparsityThetaScore); 7ms in CalculateScore(^^^ItemsProcessedScore^^^); ]
I0813 18:16:03.928249  6423 processor.cc:925] Processor: complete processing batch 34e43898-0893-4386-9888-7e863827b748 into model nwt
I0813 18:16:03.928855  6423 cuckoo_watch.h:45] 51ms in ProcessBatch(school_batches/aaaaab.batch) [including 1ms in LoadMessage; 3ms in InitializeSparseNdw; 0ms in InitializeTheta; 0ms in CreateRegularizerAgents; 17ms in InferThetaAndUpdateNwtSparse; 14ms in CalculateScore(PerplexityScore); 2ms in CalculateScore(SparsityThetaScore); 10ms in CalculateScore(^^^ItemsProcessedScore^^^); ]
I0813 18:16:03.930142  6421 processor.cc:925] Processor: complete processing batch ce9711c8-fdd4-4d09-9b61-8f76e434491d into model nwt
I0813 18:16:03.930711  6421 cuckoo_watch.h:45] 51ms in ProcessBatch(school_batches/aaaaac.batch) [including 2ms in LoadMessage; 2ms in InitializeSparseNdw; 0ms in InitializeTheta; 0ms in CreateRegularizerAgents; 17ms in InferThetaAndUpdateNwtSparse; 14ms in CalculateScore(PerplexityScore); 2ms in CalculateScore(SparsityThetaScore); 9ms in CalculateScore(^^^ItemsProcessedScore^^^); ]
I0813 18:16:03.931560  6420 processor.cc:740] No data in processing queue, waiting...
I0813 18:16:03.931643  6283 master_component.cc:1449] NormalizeModelArgs: pwt_target_name=pwt, nwt_source_name=nwt, rwt_source_name=
I0813 18:16:03.931650  6283 master_component.cc:1006] MasterComponent: start normalizing model nwt
I0813 18:16:03.933251  6418 processor.cc:740] No data in processing queue, waiting...
I0813 18:16:03.933775  6417 processor.cc:740] No data in processing queue, waiting...
I0813 18:16:03.949261  6283 master_component.cc:1034] MasterComponent: complete normalizing model nwt
I0813 18:16:03.949586  6423 processor.cc:740] No data in processing queue, waiting...
I0813 18:16:03.951251  6421 processor.cc:740] No data in processing queue, waiting...
I0813 18:16:03.963851  6283 master_component.cc:1473] DisposeModel rwt
I0813 18:16:03.963877  6283 master_component.cc:1059] FitOffline: ItemsProcessed, num_items=476, num_batches=5, token_weight=160411, token_weight_in_effect=160411
I0813 18:16:03.963989  6283 c_interface.cc:389] Pass FitOfflineMasterModelArgs, batch_filename_size=5, batch_weight_size=5, num_collection_passes=1, reset_nwt=yes to MN4artm4core15MasterComponentEFvRKNS_25FitOfflineMasterModelArgsEE
I0813 18:16:03.964004  6283 master_component.cc:1398] ProcessBatchesArgs: nwt_target_name=nwt, batch_filename_size=5, batch_size=0, batch_weight_size=5, pwt_source_name=pwt, num_document_passes=10, class=(text:1), reuse_theta=no, opt_for_avx=yes, predict_class_id=, reset_nwt=yes
I0813 18:16:03.967496  6417 processor.cc:747] Processing queue has data, processing started
I0813 18:16:03.968042  6418 processor.cc:747] Processing queue has data, processing started
I0813 18:16:03.968430  6419 processor.cc:747] Processing queue has data, processing started
I0813 18:16:03.968672  6416 processor.cc:747] Processing queue has data, processing started
I0813 18:16:03.969075  6417 processor.cc:820] Processor: start processing batch 9b8f8670-2f03-4493-a0db-d00617d50c29 into model nwt
I0813 18:16:03.969151  6423 processor.cc:747] Processing queue has data, processing started
I0813 18:16:03.970149  6419 processor.cc:820] Processor: start processing batch 51e97bb4-2c76-41e2-acbf-9b203bd23cfc into model nwt
I0813 18:16:03.970628  6418 processor.cc:820] Processor: start processing batch 34e43898-0893-4386-9888-7e863827b748 into model nwt
I0813 18:16:03.971714  6416 processor.cc:820] Processor: start processing batch 05194a9f-8b31-4348-a322-17b0508b78ae into model nwt
I0813 18:16:03.972259  6423 processor.cc:820] Processor: start processing batch ce9711c8-fdd4-4d09-9b61-8f76e434491d into model nwt
I0813 18:16:04.004761  6419 processor.cc:925] Processor: complete processing batch 51e97bb4-2c76-41e2-acbf-9b203bd23cfc into model nwt
I0813 18:16:04.005424  6419 cuckoo_watch.h:45] 36ms in ProcessBatch(school_batches/aaaaae.batch) [including 1ms in LoadMessage; 1ms in InitializeSparseNdw; 0ms in InitializeTheta; 0ms in CreateRegularizerAgents; 13ms in InferThetaAndUpdateNwtSparse; 10ms in CalculateScore(PerplexityScore); 1ms in CalculateScore(SparsityThetaScore); 7ms in CalculateScore(^^^ItemsProcessedScore^^^); ]
I0813 18:16:04.019752  6417 processor.cc:925] Processor: complete processing batch 9b8f8670-2f03-4493-a0db-d00617d50c29 into model nwt
